[     16s]     epoch 1/100 loss 18.7385
[    178s]     epoch 20/100 loss 16.5872
[    358s]     epoch 40/100 loss 16.1476
[    591s]     epoch 60/100 loss 15.9057
[    825s]     epoch 80/100 loss 15.8509
[   1374s]     epoch 100/100 loss 15.7721
[   1464s]     search it 1: |S|=40 J=0.8713 evals=42
[   1519s]     search it 2: |S|=39 J=0.8951 evals=82
[   1570s]     search it 3: |S|=38 J=0.9259 evals=122
[   1610s]     search it 4: |S|=37 J=0.9342 evals=162
[   1651s]     search it 5: |S|=36 J=0.9438 evals=202
[   1690s]     search it 6: |S|=35 J=0.9527 evals=242
[   1739s]     search it 7: |S|=34 J=0.9592 evals=282
[   1782s]     search it 8: |S|=33 J=0.9601 evals=322
[   1826s]     search it 9: |S|=32 J=0.9607 evals=362
[   1870s]     search it 10: |S|=31 J=0.9616 evals=402
[   1920s]     search it 11: |S|=30 J=0.9622 evals=442
[   1964s]     search it 12: |S|=29 J=0.9659 evals=482
[   2032s]     search it 13: |S|=28 J=0.9739 evals=522
[   2076s]     search it 14: |S|=28 J=0.9749 evals=562
[   2117s]     search it 15: |S|=27 J=0.9757 evals=602
[   2158s]     search it 16: |S|=26 J=0.9761 evals=642
[   2206s]     search it 17: |S|=25 J=0.9769 evals=682
[   2250s]     search it 18: |S|=24 J=0.9773 evals=722
[   2301s]     search it 19: |S|=23 J=0.9774 evals=762
[   2357s]     search it 20: |S|=22 J=0.9774 evals=802
[   2403s]     search it 21: |S|=21 J=0.9775 evals=842
[   2454s]     search it 22: |S|=21 J=0.9789 evals=882
[   2509s]     search it 23: |S|=20 J=0.9826 evals=922
[   2561s]     search it 24: |S|=19 J=0.9844 evals=962
[   2608s]     search it 25: |S|=19 J=0.9854 evals=1002
[   2657s]     search it 26: |S|=18 J=0.9862 evals=1042
[   2701s]     search it 27: |S|=17 J=0.9867 evals=1082
[   2745s]     search it 28: |S|=17 J=0.9880 evals=1122
[   2791s]     search it 29: |S|=17 J=0.9978 evals=1162
[   2838s]     search it 30: |S|=16 J=0.9978 evals=1202
[   2874s]     search it 31: |S|=15 J=0.9981 evals=1242
[   2917s]     search it 32: |S|=14 J=0.9983 evals=1282
[   2956s]     search it 33: |S|=13 J=0.9984 evals=1322
[   2993s]     search it 34: |S|=12 J=0.9985 evals=1362
[   3028s]     search it 35: |S|=11 J=0.9986 evals=1402
[   3061s]     search it 36: |S|=10 J=0.9986 evals=1442
[   3095s]     search it 37: |S|=9 J=0.9986 evals=1482
[   3129s]     search it 38: |S|=8 J=0.9986 evals=1522
[   3166s]     search it 39: |S|=7 J=0.9986 evals=1562
[   3201s]     search it 40: |S|=6 J=0.9986 evals=1602
[   3207s]     search it 41: |S|=6 J=0.9986 evals=1608
[    138s]     search it 1: |S|=40 J=0.8713 evals=42
[    216s]     search it 2: |S|=39 J=0.8951 evals=82
[    293s]     search it 3: |S|=38 J=0.9259 evals=122
[    396s]     search it 4: |S|=37 J=0.9342 evals=162
[    488s]     search it 5: |S|=36 J=0.9438 evals=202
[    584s]     search it 6: |S|=35 J=0.9527 evals=242
[    674s]     search it 7: |S|=34 J=0.9592 evals=282
[    768s]     search it 8: |S|=33 J=0.9601 evals=322
[    848s]     search it 9: |S|=32 J=0.9607 evals=362
[    934s]     search it 10: |S|=31 J=0.9616 evals=402
[   1014s]     search it 11: |S|=30 J=0.9622 evals=442
[   1090s]     search it 12: |S|=29 J=0.9659 evals=482
[   1168s]     search it 13: |S|=28 J=0.9739 evals=522
[   1231s]     search it 14: |S|=28 J=0.9749 evals=562
[   1289s]     search it 15: |S|=27 J=0.9757 evals=602
[   1340s]     search it 16: |S|=26 J=0.9761 evals=642
[   1385s]     search it 17: |S|=25 J=0.9769 evals=682
[   1531s]     search it 18: |S|=24 J=0.9773 evals=722
[   1619s]     search it 19: |S|=23 J=0.9774 evals=762
[   1707s]     search it 20: |S|=22 J=0.9774 evals=802
[   1790s]     search it 21: |S|=21 J=0.9775 evals=842
[   1869s]     search it 22: |S|=21 J=0.9789 evals=882
[   1955s]     search it 23: |S|=20 J=0.9826 evals=922
[   2042s]     search it 24: |S|=19 J=0.9844 evals=962
[   2177s]     search it 25: |S|=19 J=0.9854 evals=1002
[   2356s]     search it 26: |S|=18 J=0.9862 evals=1042
[   2636s]     search it 27: |S|=17 J=0.9867 evals=1082
[   2906s]     search it 28: |S|=17 J=0.9880 evals=1122
[     45s]     search it 1: |S|=40 J=0.8713 evals=42
[     68s]     search it 2: |S|=39 J=0.8951 evals=82
[     30s]     search it 1: |S|=40 J=0.8713 evals=42
[     51s]     search it 2: |S|=39 J=0.8951 evals=82
[     72s]     search it 3: |S|=38 J=0.9259 evals=122
[     94s]     search it 4: |S|=37 J=0.9342 evals=162
[    115s]     search it 5: |S|=36 J=0.9438 evals=202
[    136s]     search it 6: |S|=35 J=0.9527 evals=242
[    159s]     search it 7: |S|=34 J=0.9592 evals=282
[    179s]     search it 8: |S|=33 J=0.9601 evals=322
[    199s]     search it 9: |S|=32 J=0.9607 evals=362
[    220s]     search it 10: |S|=31 J=0.9616 evals=402
[    241s]     search it 11: |S|=30 J=0.9622 evals=442
[    262s]     search it 12: |S|=29 J=0.9659 evals=482
[    283s]     search it 13: |S|=28 J=0.9739 evals=522
[    304s]     search it 14: |S|=28 J=0.9749 evals=562
[    324s]     search it 15: |S|=27 J=0.9757 evals=602
[    345s]     search it 16: |S|=26 J=0.9761 evals=642
[    366s]     search it 17: |S|=25 J=0.9769 evals=682
[    389s]     search it 18: |S|=24 J=0.9773 evals=722
[    411s]     search it 19: |S|=23 J=0.9774 evals=762
[    432s]     search it 20: |S|=22 J=0.9774 evals=802
[    453s]     search it 21: |S|=21 J=0.9775 evals=842
[    473s]     search it 22: |S|=21 J=0.9789 evals=882
[    494s]     search it 23: |S|=20 J=0.9826 evals=922
[    515s]     search it 24: |S|=19 J=0.9844 evals=962
[    535s]     search it 25: |S|=19 J=0.9854 evals=1002
[    556s]     search it 26: |S|=18 J=0.9862 evals=1042
[    576s]     search it 27: |S|=17 J=0.9867 evals=1082
[    597s]     search it 28: |S|=17 J=0.9880 evals=1122
[    617s]     search it 29: |S|=17 J=0.9978 evals=1162
[    638s]     search it 30: |S|=16 J=0.9978 evals=1202
[    658s]     search it 31: |S|=15 J=0.9981 evals=1242
[    677s]     search it 32: |S|=14 J=0.9983 evals=1282
[    697s]     search it 33: |S|=13 J=0.9984 evals=1322
[    717s]     search it 34: |S|=12 J=0.9985 evals=1362
[    737s]     search it 35: |S|=11 J=0.9986 evals=1402
[    758s]     search it 36: |S|=10 J=0.9986 evals=1442
[    778s]     search it 37: |S|=9 J=0.9986 evals=1482
[    799s]     search it 38: |S|=8 J=0.9986 evals=1522
[    820s]     search it 39: |S|=7 J=0.9986 evals=1562
[    841s]     search it 40: |S|=6 J=0.9986 evals=1602
[    844s]     search it 41: |S|=6 J=0.9986 evals=1608
[   1052s]     search it 1: |S|=40 J=0.9039 evals=42
[   1067s]     search it 2: |S|=39 J=0.9180 evals=82
[   1082s]     search it 3: |S|=38 J=0.9341 evals=122
[   1096s]     search it 4: |S|=37 J=0.9419 evals=162
[   1110s]     search it 5: |S|=36 J=0.9505 evals=202
[   1124s]     search it 6: |S|=35 J=0.9595 evals=242
[   1137s]     search it 7: |S|=34 J=0.9645 evals=282
[   1151s]     search it 8: |S|=33 J=0.9724 evals=322
[   1164s]     search it 9: |S|=32 J=0.9735 evals=362
[   1177s]     search it 10: |S|=31 J=0.9736 evals=402
[   1190s]     search it 11: |S|=30 J=0.9739 evals=442
[   1204s]     search it 12: |S|=29 J=0.9748 evals=482
[   1216s]     search it 13: |S|=28 J=0.9762 evals=522
[   1229s]     search it 14: |S|=27 J=0.9789 evals=562
[   1243s]     search it 15: |S|=26 J=0.9797 evals=602
[   1255s]     search it 16: |S|=25 J=0.9806 evals=642
[   1267s]     search it 17: |S|=24 J=0.9816 evals=682
[   1280s]     search it 18: |S|=23 J=0.9900 evals=722
[   1293s]     search it 19: |S|=22 J=0.9925 evals=762
[   1305s]     search it 20: |S|=21 J=0.9931 evals=802
[   1317s]     search it 21: |S|=20 J=0.9935 evals=842
[   1329s]     search it 22: |S|=19 J=0.9939 evals=882
[   1341s]     search it 23: |S|=18 J=0.9942 evals=922
[   1353s]     search it 24: |S|=17 J=0.9944 evals=962
[   1365s]     search it 25: |S|=16 J=0.9945 evals=1002
[   1377s]     search it 26: |S|=15 J=0.9951 evals=1042
[   1393s]     search it 27: |S|=14 J=0.9952 evals=1082
[   1404s]     search it 28: |S|=13 J=0.9952 evals=1122
[   1416s]     search it 29: |S|=12 J=0.9952 evals=1162
[   1426s]     search it 30: |S|=11 J=0.9952 evals=1202
[   1436s]     search it 31: |S|=10 J=0.9952 evals=1242
[   1447s]     search it 32: |S|=9 J=0.9952 evals=1282
[   1449s]     search it 33: |S|=9 J=0.9952 evals=1291
[   1512s]     eval proposed (6f) 49s
[   1724s]     eval all_features (41f) 212s
[   1789s]     eval kmeans_sil (9f) 65s
[   1827s]     eval proposed_backward_only (7f) 38s
