[     33s]     epoch 1/100 loss 17.0584
[    223s]     epoch 20/100 loss 12.7900
[    411s]     epoch 40/100 loss 11.9994
[    598s]     epoch 60/100 loss 11.5912
[    785s]     epoch 80/100 loss 11.3954
[    965s]     epoch 100/100 loss 11.3317
[   1034s]     search it 1: |S|=70 J=0.5857 evals=72
[   1091s]     search it 2: |S|=69 J=0.5877 evals=142
[   1148s]     search it 3: |S|=68 J=0.5980 evals=212
[   1208s]     search it 4: |S|=67 J=0.6079 evals=282
[   1264s]     search it 5: |S|=66 J=0.6118 evals=352
[   1321s]     search it 6: |S|=65 J=0.6265 evals=422
[   1383s]     search it 7: |S|=64 J=0.6353 evals=492
[   1443s]     search it 8: |S|=64 J=0.6434 evals=562
[   1502s]     search it 9: |S|=63 J=0.6488 evals=632
[   1561s]     search it 10: |S|=62 J=0.6607 evals=702
[   1624s]     search it 11: |S|=61 J=0.6648 evals=772
[   1678s]     search it 12: |S|=60 J=0.6774 evals=842
[   1731s]     search it 13: |S|=59 J=0.6839 evals=912
[   1779s]     search it 14: |S|=58 J=0.6890 evals=982
[   1821s]     search it 15: |S|=57 J=0.6901 evals=1052
[   1863s]     search it 16: |S|=56 J=0.6938 evals=1122
[   1911s]     search it 17: |S|=55 J=0.7018 evals=1192
[   1947s]     search it 18: |S|=55 J=0.7018 evals=1247
[   2689s]     eval proposed (55f) 154s
[   2872s]     eval all_features (71f) 183s
