[     16s]     epoch 1/100 loss 18.7407
[    177s]     epoch 20/100 loss 16.5057
[    354s]     epoch 40/100 loss 16.1482
[    596s]     epoch 60/100 loss 15.8384
[    830s]     epoch 80/100 loss 15.8360
[   1387s]     epoch 100/100 loss 15.7875
[   1458s]     search it 1: |S|=40 J=0.9666 evals=42
[   1496s]     search it 2: |S|=39 J=0.9714 evals=82
[   1533s]     search it 3: |S|=38 J=0.9770 evals=122
[   1567s]     search it 4: |S|=37 J=0.9806 evals=162
[   1592s]     search it 5: |S|=36 J=0.9827 evals=202
[   1620s]     search it 6: |S|=35 J=0.9839 evals=242
[   1646s]     search it 7: |S|=34 J=0.9854 evals=282
[   1672s]     search it 8: |S|=33 J=0.9864 evals=322
[   1696s]     search it 9: |S|=32 J=0.9874 evals=362
[   1730s]     search it 10: |S|=31 J=0.9882 evals=402
[   1759s]     search it 11: |S|=30 J=0.9891 evals=442
[   1788s]     search it 12: |S|=29 J=0.9900 evals=482
[   1818s]     search it 13: |S|=28 J=0.9911 evals=522
[   1848s]     search it 14: |S|=27 J=0.9920 evals=562
[   1875s]     search it 15: |S|=26 J=0.9927 evals=602
[   1908s]     search it 16: |S|=25 J=0.9937 evals=642
[   1937s]     search it 17: |S|=24 J=0.9940 evals=682
[   1966s]     search it 18: |S|=23 J=0.9948 evals=722
[   2016s]     search it 19: |S|=22 J=0.9951 evals=762
[   2049s]     search it 20: |S|=21 J=0.9962 evals=802
[   2078s]     search it 21: |S|=20 J=0.9964 evals=842
[   2105s]     search it 22: |S|=19 J=0.9970 evals=882
[   2130s]     search it 23: |S|=18 J=0.9979 evals=922
[   2157s]     search it 24: |S|=17 J=0.9992 evals=962
[   2191s]     search it 25: |S|=16 J=0.9993 evals=1002
[   2221s]     search it 26: |S|=15 J=0.9993 evals=1042
[   2249s]     search it 27: |S|=14 J=0.9994 evals=1082
[   2279s]     search it 28: |S|=13 J=0.9994 evals=1122
[   2320s]     search it 29: |S|=12 J=0.9994 evals=1162
[   2353s]     search it 30: |S|=11 J=0.9994 evals=1202
[   2384s]     search it 31: |S|=10 J=0.9995 evals=1242
[   2413s]     search it 32: |S|=9 J=0.9995 evals=1282
[   2448s]     search it 33: |S|=8 J=0.9995 evals=1322
[   2484s]     search it 34: |S|=7 J=0.9995 evals=1362
[   2518s]     search it 35: |S|=6 J=0.9995 evals=1402
[   2552s]     search it 36: |S|=5 J=0.9995 evals=1442
[   2585s]     search it 37: |S|=4 J=0.9995 evals=1482
[   2589s]     search it 38: |S|=4 J=0.9995 evals=1486
[   2633s]     search it 1: |S|=40 J=0.9826 evals=42
[   2653s]     search it 2: |S|=39 J=0.9836 evals=82
[   2672s]     search it 3: |S|=38 J=0.9849 evals=122
[   2691s]     search it 4: |S|=37 J=0.9856 evals=162
[   2710s]     search it 5: |S|=36 J=0.9863 evals=202
[   2728s]     search it 6: |S|=35 J=0.9870 evals=242
[   2747s]     search it 7: |S|=34 J=0.9876 evals=282
[   2764s]     search it 8: |S|=33 J=0.9882 evals=322
[   2785s]     search it 9: |S|=32 J=0.9888 evals=362
[   2808s]     search it 10: |S|=31 J=0.9892 evals=402
[   2826s]     search it 11: |S|=30 J=0.9898 evals=442
[   2844s]     search it 12: |S|=29 J=0.9905 evals=482
[   2858s]     search it 13: |S|=28 J=0.9922 evals=522
[   2873s]     search it 14: |S|=27 J=0.9926 evals=562
[   2889s]     search it 15: |S|=26 J=0.9931 evals=602
[   2904s]     search it 16: |S|=25 J=0.9937 evals=642
[   2927s]     search it 17: |S|=24 J=0.9944 evals=682
[   2942s]     search it 18: |S|=23 J=0.9954 evals=722
[   2958s]     search it 19: |S|=22 J=0.9965 evals=762
[   2972s]     search it 20: |S|=21 J=0.9968 evals=802
[   2987s]     search it 21: |S|=20 J=0.9974 evals=842
[   3002s]     search it 22: |S|=19 J=0.9977 evals=882
[   3016s]     search it 23: |S|=18 J=0.9982 evals=922
[   3029s]     search it 24: |S|=17 J=0.9986 evals=962
[   3043s]     search it 25: |S|=16 J=0.9987 evals=1002
[   3055s]     search it 26: |S|=15 J=0.9988 evals=1042
[   3068s]     search it 27: |S|=14 J=0.9989 evals=1082
[   3081s]     search it 28: |S|=13 J=0.9991 evals=1122
[   3094s]     search it 29: |S|=12 J=0.9993 evals=1162
[   3107s]     search it 30: |S|=11 J=0.9994 evals=1202
[   3120s]     search it 31: |S|=10 J=0.9994 evals=1242
[   3134s]     search it 32: |S|=9 J=0.9994 evals=1282
[   3147s]     search it 33: |S|=8 J=0.9994 evals=1322
[   3161s]     search it 34: |S|=7 J=0.9995 evals=1362
[   3174s]     search it 35: |S|=6 J=0.9995 evals=1402
[   3186s]     search it 36: |S|=5 J=0.9995 evals=1442
[   3199s]     search it 37: |S|=4 J=0.9995 evals=1482
[   3215s]     search it 38: |S|=3 J=0.9995 evals=1522
[     72s]     search it 1: |S|=40 J=0.9826 evals=42
[    108s]     search it 2: |S|=39 J=0.9836 evals=82
[    150s]     search it 3: |S|=38 J=0.9849 evals=122
[    181s]     search it 4: |S|=37 J=0.9856 evals=162
[    212s]     search it 5: |S|=36 J=0.9863 evals=202
[    241s]     search it 6: |S|=35 J=0.9870 evals=242
[    273s]     search it 7: |S|=34 J=0.9876 evals=282
[    310s]     search it 8: |S|=33 J=0.9882 evals=322
[    349s]     search it 9: |S|=32 J=0.9888 evals=362
[    388s]     search it 10: |S|=31 J=0.9892 evals=402
[    425s]     search it 11: |S|=30 J=0.9898 evals=442
[    465s]     search it 12: |S|=29 J=0.9905 evals=482
[    501s]     search it 13: |S|=28 J=0.9922 evals=522
[    536s]     search it 14: |S|=27 J=0.9926 evals=562
[    578s]     search it 15: |S|=26 J=0.9931 evals=602
[    612s]     search it 16: |S|=25 J=0.9937 evals=642
[    648s]     search it 17: |S|=24 J=0.9944 evals=682
[    682s]     search it 18: |S|=23 J=0.9954 evals=722
[    718s]     search it 19: |S|=22 J=0.9965 evals=762
[    755s]     search it 20: |S|=21 J=0.9968 evals=802
[    788s]     search it 21: |S|=20 J=0.9974 evals=842
[    818s]     search it 22: |S|=19 J=0.9977 evals=882
[    850s]     search it 23: |S|=18 J=0.9982 evals=922
[    885s]     search it 24: |S|=17 J=0.9986 evals=962
[    915s]     search it 25: |S|=16 J=0.9987 evals=1002
[    947s]     search it 26: |S|=15 J=0.9988 evals=1042
[    978s]     search it 27: |S|=14 J=0.9989 evals=1082
[   1006s]     search it 28: |S|=13 J=0.9991 evals=1122
[   1035s]     search it 29: |S|=12 J=0.9993 evals=1162
[   1064s]     search it 30: |S|=11 J=0.9994 evals=1202
[   1091s]     search it 31: |S|=10 J=0.9994 evals=1242
[   1115s]     search it 32: |S|=9 J=0.9994 evals=1282
[   1145s]     search it 33: |S|=8 J=0.9994 evals=1322
[   1176s]     search it 34: |S|=7 J=0.9995 evals=1362
[   1201s]     search it 35: |S|=6 J=0.9995 evals=1402
[   1223s]     search it 36: |S|=5 J=0.9995 evals=1442
[   1243s]     search it 37: |S|=4 J=0.9995 evals=1482
[   1263s]     search it 38: |S|=3 J=0.9995 evals=1522
[   1264s]     search it 39: |S|=3 J=0.9995 evals=1525
[   1556s]     eval proposed (4f) 270s
[   2739s]     eval all_features (41f) 1183s
[     30s]     eval kmeans_sil (3f) 20s
[     53s]     eval kmeans_sil_at_nprop (4f) 22s
