[     18s]     epoch 1/100 loss 16.9969
[    286s]     epoch 20/100 loss 12.8392
[    567s]     epoch 40/100 loss 12.1222
[    847s]     epoch 60/100 loss 11.6742
[   1139s]     epoch 80/100 loss 11.4279
[   1456s]     epoch 100/100 loss 11.3466
[   1522s]     search it 1: |S|=70 J=0.5829 evals=72
[   1575s]     search it 2: |S|=69 J=0.5850 evals=142
[   1626s]     search it 3: |S|=68 J=0.5877 evals=212
[   1678s]     search it 4: |S|=67 J=0.5956 evals=282
[   1732s]     search it 5: |S|=66 J=0.5987 evals=352
[   1786s]     search it 6: |S|=65 J=0.6074 evals=422
[   1841s]     search it 7: |S|=64 J=0.6089 evals=492
[   1896s]     search it 8: |S|=64 J=0.6138 evals=562
[   1950s]     search it 9: |S|=63 J=0.6295 evals=632
[   2004s]     search it 10: |S|=62 J=0.6421 evals=702
[   2060s]     search it 11: |S|=61 J=0.6456 evals=772
[   2107s]     search it 12: |S|=61 J=0.6456 evals=833
[   3227s]     eval proposed (61f) 198s
[   3449s]     eval all_features (71f) 222s
