[     28s]     epoch 1/100 loss 17.0613
[    393s]     epoch 20/100 loss 12.7935
[    782s]     epoch 40/100 loss 12.0314
[   1121s]     epoch 60/100 loss 11.6080
[   1457s]     epoch 80/100 loss 11.4633
[   1792s]     epoch 100/100 loss 11.3424
[   1889s]     search it 1: |S|=70 J=0.5882 evals=72
[   1973s]     search it 2: |S|=69 J=0.5939 evals=142
[   2058s]     search it 3: |S|=68 J=0.6001 evals=212
[   2149s]     search it 4: |S|=67 J=0.6022 evals=282
[   2236s]     search it 5: |S|=66 J=0.6056 evals=352
[   2325s]     search it 6: |S|=65 J=0.6216 evals=422
[   2409s]     search it 7: |S|=64 J=0.6282 evals=492
[   2498s]     search it 8: |S|=63 J=0.6398 evals=562
[   2584s]     search it 9: |S|=62 J=0.6577 evals=632
[   2670s]     search it 10: |S|=61 J=0.6860 evals=702
[   2760s]     search it 11: |S|=60 J=0.6886 evals=772
[   2846s]     search it 12: |S|=59 J=0.7005 evals=842
[   2930s]     search it 13: |S|=58 J=0.7059 evals=912
[   3014s]     search it 14: |S|=57 J=0.7176 evals=982
[   3096s]     search it 15: |S|=56 J=0.7242 evals=1052
[   3179s]     search it 16: |S|=55 J=0.7298 evals=1122
[   3267s]     search it 17: |S|=54 J=0.7371 evals=1192
[   3360s]     search it 18: |S|=53 J=0.7419 evals=1262
[   3450s]     search it 19: |S|=52 J=0.7445 evals=1332
[   3539s]     search it 20: |S|=51 J=0.7479 evals=1402
[   3643s]     search it 21: |S|=50 J=0.7533 evals=1472
[   3777s]     search it 22: |S|=49 J=0.7567 evals=1542
[   3857s]     search it 23: |S|=48 J=0.7598 evals=1612
[   3946s]     search it 24: |S|=47 J=0.7638 evals=1682
[   4007s]     search it 25: |S|=47 J=0.7638 evals=1729
[   4327s]     eval proposed (47f) 290s
[   4754s]     eval all_features (71f) 427s
