[     24s]     epoch 1/100 loss 17.0677
[    638s]     epoch 20/100 loss 12.8508
[     19s]     epoch 1/100 loss 17.0677
[    345s]     epoch 20/100 loss 12.8508
[    635s]     epoch 40/100 loss 12.0771
[    974s]     epoch 60/100 loss 11.5573
[   1292s]     epoch 80/100 loss 11.3805
[   1572s]     epoch 100/100 loss 11.3625
[   1657s]     search it 1: |S|=70 J=0.5813 evals=72
[   1719s]     search it 2: |S|=69 J=0.5969 evals=142
[   1813s]     search it 3: |S|=68 J=0.6050 evals=212
[   1921s]     search it 4: |S|=67 J=0.6121 evals=282
[   2020s]     search it 5: |S|=66 J=0.6219 evals=352
[   2083s]     search it 6: |S|=65 J=0.6264 evals=422
[   2151s]     search it 7: |S|=64 J=0.6380 evals=492
[   2214s]     search it 8: |S|=63 J=0.6431 evals=562
[   2282s]     search it 9: |S|=62 J=0.6487 evals=632
[   2351s]     search it 10: |S|=61 J=0.6544 evals=702
[   2427s]     search it 11: |S|=60 J=0.6556 evals=772
[   2508s]     search it 12: |S|=59 J=0.6619 evals=842
[   2591s]     search it 13: |S|=58 J=0.6717 evals=912
[   2681s]     search it 14: |S|=57 J=0.6755 evals=982
[   2769s]     search it 15: |S|=56 J=0.6772 evals=1052
[   2846s]     search it 16: |S|=55 J=0.6852 evals=1122
[   2922s]     search it 17: |S|=55 J=0.7066 evals=1192
[   3004s]     search it 18: |S|=54 J=0.7172 evals=1262
[   3110s]     search it 19: |S|=53 J=0.7281 evals=1332
[   3202s]     search it 20: |S|=52 J=0.7362 evals=1402
[   3294s]     search it 21: |S|=51 J=0.7362 evals=1472
[   3373s]     search it 22: |S|=50 J=0.7374 evals=1542
[   3456s]     search it 23: |S|=49 J=0.7402 evals=1612
[   3605s]     search it 24: |S|=48 J=0.7450 evals=1682
[   3698s]     search it 25: |S|=48 J=0.7509 evals=1752
[   3789s]     search it 26: |S|=47 J=0.7531 evals=1822
[   3884s]     search it 27: |S|=47 J=0.7576 evals=1892
[   3968s]     search it 28: |S|=46 J=0.7605 evals=1962
[   4056s]     search it 29: |S|=45 J=0.7658 evals=2032
[   4145s]     search it 30: |S|=44 J=0.7754 evals=2102
[   4228s]     search it 31: |S|=43 J=0.7787 evals=2172
[   4309s]     search it 32: |S|=42 J=0.7793 evals=2242
[   4388s]     search it 33: |S|=41 J=0.7793 evals=2312
[   4471s]     search it 34: |S|=40 J=0.7835 evals=2382
[   4553s]     search it 35: |S|=39 J=0.7862 evals=2452
[   4632s]     search it 36: |S|=38 J=0.7868 evals=2522
[   4713s]     search it 37: |S|=37 J=0.7912 evals=2592
[   4795s]     search it 38: |S|=36 J=0.7974 evals=2662
[   4874s]     search it 39: |S|=35 J=0.7974 evals=2732
[   4954s]     search it 40: |S|=34 J=0.7999 evals=2802
[   5035s]     search it 41: |S|=33 J=0.8012 evals=2872
[   5112s]     search it 42: |S|=33 J=0.8052 evals=2942
[   5187s]     search it 43: |S|=32 J=0.8106 evals=3012
[   5268s]     search it 44: |S|=31 J=0.8135 evals=3082
[   5348s]     search it 45: |S|=30 J=0.8205 evals=3152
[   5444s]     search it 46: |S|=29 J=0.8228 evals=3222
[   5538s]     search it 47: |S|=28 J=0.8251 evals=3292
[   5628s]     search it 48: |S|=28 J=0.8278 evals=3362
[   5704s]     search it 49: |S|=28 J=0.8278 evals=3431
[   7135s]     search it 1: |S|=70 J=0.5840 evals=72
[   7184s]     search it 2: |S|=69 J=0.5929 evals=142
[   7228s]     search it 3: |S|=68 J=0.6054 evals=212
[   7270s]     search it 4: |S|=67 J=0.6156 evals=282
[   7314s]     search it 5: |S|=66 J=0.6283 evals=352
[   7357s]     search it 6: |S|=65 J=0.6407 evals=422
[   7400s]     search it 7: |S|=64 J=0.6469 evals=492
[   7446s]     search it 8: |S|=63 J=0.6603 evals=562
[   7485s]     search it 9: |S|=62 J=0.6643 evals=632
[   7525s]     search it 10: |S|=61 J=0.6648 evals=702
[   7566s]     search it 11: |S|=60 J=0.6667 evals=772
[   7606s]     search it 12: |S|=59 J=0.6739 evals=842
[   7643s]     search it 13: |S|=58 J=0.6795 evals=912
[   7680s]     search it 14: |S|=57 J=0.6842 evals=982
[   7720s]     search it 15: |S|=57 J=0.6866 evals=1052
[   7760s]     search it 16: |S|=56 J=0.6927 evals=1122
[   7798s]     search it 17: |S|=55 J=0.6946 evals=1192
[   7838s]     search it 18: |S|=54 J=0.6952 evals=1262
[   7878s]     search it 19: |S|=53 J=0.6997 evals=1332
[   7917s]     search it 20: |S|=52 J=0.7030 evals=1402
[   7957s]     search it 21: |S|=51 J=0.7041 evals=1472
[   7997s]     search it 22: |S|=50 J=0.7096 evals=1542
[   8035s]     search it 23: |S|=49 J=0.7148 evals=1612
[   8075s]     search it 24: |S|=48 J=0.7179 evals=1682
[   8113s]     search it 25: |S|=47 J=0.7215 evals=1752
[   8152s]     search it 26: |S|=46 J=0.7257 evals=1822
[   8191s]     search it 27: |S|=45 J=0.7295 evals=1892
[   8227s]     search it 28: |S|=44 J=0.7358 evals=1962
[   8263s]     search it 29: |S|=43 J=0.7394 evals=2032
[   8301s]     search it 30: |S|=42 J=0.7429 evals=2102
[   8339s]     search it 31: |S|=41 J=0.7485 evals=2172
[   8377s]     search it 32: |S|=40 J=0.7505 evals=2242
[   8411s]     search it 33: |S|=39 J=0.7540 evals=2312
[   8443s]     search it 34: |S|=38 J=0.7589 evals=2382
[   8478s]     search it 35: |S|=38 J=0.7679 evals=2452
[   8515s]     search it 36: |S|=37 J=0.7717 evals=2522
[   8551s]     search it 37: |S|=36 J=0.7792 evals=2592
[   8587s]     search it 38: |S|=35 J=0.7827 evals=2662
[   8620s]     search it 39: |S|=34 J=0.7857 evals=2732
[   8653s]     search it 40: |S|=33 J=0.7865 evals=2802
[   8687s]     search it 41: |S|=32 J=0.7952 evals=2872
[   8719s]     search it 42: |S|=31 J=0.8022 evals=2942
[   8752s]     search it 43: |S|=30 J=0.8073 evals=3012
[   8788s]     search it 44: |S|=29 J=0.8480 evals=3082
[   8821s]     search it 45: |S|=28 J=0.8534 evals=3152
[   8853s]     search it 46: |S|=27 J=0.8564 evals=3222
[   8883s]     search it 47: |S|=26 J=0.8710 evals=3292
[   8913s]     search it 48: |S|=25 J=0.8795 evals=3362
[   8942s]     search it 49: |S|=24 J=0.8826 evals=3432
[   8972s]     search it 50: |S|=23 J=0.8867 evals=3502
[   9000s]     search it 51: |S|=22 J=0.8916 evals=3572
[   9030s]     search it 52: |S|=21 J=0.8958 evals=3642
[   9059s]     search it 53: |S|=20 J=0.8997 evals=3712
[   9089s]     search it 54: |S|=19 J=0.9017 evals=3782
[   9119s]     search it 55: |S|=18 J=0.9066 evals=3852
[   9148s]     search it 56: |S|=17 J=0.9119 evals=3922
[   9174s]     search it 57: |S|=16 J=0.9566 evals=3992
[   9202s]     search it 58: |S|=15 J=0.9638 evals=4062
[   9230s]     search it 59: |S|=14 J=0.9711 evals=4132
[   9258s]     search it 60: |S|=14 J=0.9771 evals=4202
[   9285s]     search it 61: |S|=13 J=0.9824 evals=4272
[   9311s]     search it 62: |S|=13 J=0.9924 evals=4342
[   9337s]     search it 63: |S|=12 J=0.9940 evals=4412
[   9363s]     search it 64: |S|=11 J=0.9959 evals=4482
[   9392s]     search it 65: |S|=10 J=0.9973 evals=4552
[   9420s]     search it 66: |S|=9 J=0.9975 evals=4622
[   9448s]     search it 67: |S|=8 J=0.9975 evals=4692
[   9482s]     search it 68: |S|=7 J=0.9975 evals=4762
[   9485s]     search it 69: |S|=7 J=0.9975 evals=4769
[   9787s]     eval proposed (28f) 280s
[  10369s]     eval all_features (71f) 583s
[  10478s]     eval kmeans_sil (7f) 108s
[  10925s]     eval mcfs_25 (25f) 447s
[  11222s]     eval variance_25 (25f) 297s
[  11469s]     eval spec_25 (25f) 247s
[  11685s]     eval laplacian_25 (25f) 216s
[  11964s]     eval ndfs_25 (25f) 279s
[  12298s]     eval udfs_25 (25f) 334s
[  12600s]     eval ds17 (17f) 301s
[  12766s]     eval kmeans_sil_at_nprop (28f) 166s
[  13007s]     eval proposed_backward_only (39f) 241s
[  13021s]     eval proposed_b10 (10f) 15s
[  13034s]     eval kmeans_sil_b10 (7f) 12s
[  13135s]     eval mcfs_10 (10f) 101s
[  13179s]     eval variance_10 (10f) 44s
[  13226s]     eval proposed_b15 (15f) 47s
[  13237s]     eval kmeans_sil_b15 (7f) 11s
[  13352s]     eval mcfs_15 (15f) 115s
[  13423s]     eval variance_15 (15f) 70s
[  13495s]     eval proposed_b20 (20f) 72s
[  13507s]     eval kmeans_sil_b20 (7f) 12s
[  13627s]     eval mcfs_20 (20f) 119s
[  13703s]     eval variance_20 (20f) 77s
[  13798s]     eval proposed_b25 (25f) 94s
[  13812s]     eval kmeans_sil_b25 (7f) 14s
