[     22s]     epoch 1/100 loss 17.0746
[    648s]     epoch 20/100 loss 12.7906
[     25s]     epoch 1/100 loss 17.0746
[    328s]     epoch 20/100 loss 12.7906
[    630s]     epoch 40/100 loss 12.0889
[    961s]     epoch 60/100 loss 11.6889
[   1260s]     epoch 80/100 loss 11.4470
[   1519s]     epoch 100/100 loss 11.3858
[   1629s]     search it 1: |S|=70 J=0.5723 evals=72
[   1730s]     search it 2: |S|=69 J=0.5784 evals=142
[   1826s]     search it 3: |S|=68 J=0.5935 evals=212
[   1888s]     search it 4: |S|=67 J=0.5959 evals=282
[   1954s]     search it 5: |S|=66 J=0.6005 evals=352
[   2015s]     search it 6: |S|=66 J=0.6047 evals=422
[   2083s]     search it 7: |S|=65 J=0.6131 evals=492
[   2147s]     search it 8: |S|=65 J=0.6131 evals=557
[   5558s]     search it 1: |S|=70 J=0.5800 evals=72
[   5619s]     search it 2: |S|=69 J=0.5947 evals=142
[   5697s]     search it 3: |S|=68 J=0.6068 evals=212
[   5796s]     search it 4: |S|=67 J=0.6170 evals=282
[   5873s]     search it 5: |S|=66 J=0.6379 evals=352
[   5967s]     search it 6: |S|=65 J=0.6380 evals=422
[   6055s]     search it 7: |S|=64 J=0.6436 evals=492
[   6124s]     search it 8: |S|=63 J=0.6493 evals=562
[   6186s]     search it 9: |S|=62 J=0.6605 evals=632
[   6253s]     search it 10: |S|=61 J=0.6683 evals=702
[   6304s]     search it 11: |S|=60 J=0.6727 evals=772
[   6362s]     search it 12: |S|=59 J=0.6802 evals=842
[   6414s]     search it 13: |S|=58 J=0.6814 evals=912
[   6462s]     search it 14: |S|=57 J=0.6846 evals=982
[   6509s]     search it 15: |S|=56 J=0.6855 evals=1052
[   6559s]     search it 16: |S|=56 J=0.6860 evals=1122
[   6610s]     search it 17: |S|=56 J=0.6860 evals=1191
[   7352s]     eval proposed (65f) 414s
[   7798s]     eval all_features (71f) 446s
[   8196s]     eval kmeans_sil (56f) 398s
[   8481s]     eval mcfs_25 (25f) 285s
[   8713s]     eval variance_25 (25f) 232s
[   8934s]     eval spec_25 (25f) 221s
[   9115s]     eval laplacian_25 (25f) 181s
[   9426s]     eval ndfs_25 (25f) 311s
[   9703s]     eval udfs_25 (25f) 277s
[   9990s]     eval ds17 (17f) 288s
[  10352s]     eval kmeans_sil_at_nprop (65f) 361s
[  10454s]     eval proposed_backward_only (12f) 102s
[  10548s]     eval proposed_b10 (10f) 94s
[  10605s]     eval kmeans_sil_b10 (10f) 57s
[  10702s]     eval mcfs_10 (10f) 97s
[  10747s]     eval variance_10 (10f) 45s
[  10803s]     eval proposed_b15 (15f) 56s
[  10872s]     eval kmeans_sil_b15 (15f) 69s
[  10975s]     eval mcfs_15 (15f) 103s
[  11033s]     eval variance_15 (15f) 57s
[  11108s]     eval proposed_b20 (20f) 75s
[  11192s]     eval kmeans_sil_b20 (20f) 85s
[  11313s]     eval mcfs_20 (20f) 121s
[  11381s]     eval variance_20 (20f) 68s
[  11485s]     eval proposed_b25 (25f) 104s
[  11580s]     eval kmeans_sil_b25 (25f) 95s
