[     20s]     epoch 1/100 loss 17.0161
[    343s]     epoch 20/100 loss 12.7668
[    697s]     epoch 40/100 loss 12.0105
[   1043s]     epoch 60/100 loss 11.6381
[   1382s]     epoch 80/100 loss 11.4617
[   1736s]     epoch 100/100 loss 11.4839
[   1832s]     search it 1: |S|=70 J=0.5579 evals=72
[   1913s]     search it 2: |S|=69 J=0.5584 evals=142
[   1996s]     search it 3: |S|=68 J=0.5603 evals=212
[   2086s]     search it 4: |S|=67 J=0.5624 evals=282
[   2241s]     search it 5: |S|=66 J=0.5627 evals=352
[   2335s]     search it 6: |S|=66 J=0.5702 evals=422
[   2439s]     search it 7: |S|=65 J=0.5862 evals=492
[   2535s]     search it 8: |S|=64 J=0.6007 evals=562
[   2638s]     search it 9: |S|=63 J=0.6088 evals=632
[   2732s]     search it 10: |S|=62 J=0.6144 evals=702
[   2835s]     search it 11: |S|=61 J=0.6152 evals=772
[   2940s]     search it 12: |S|=60 J=0.6235 evals=842
[   3048s]     search it 13: |S|=59 J=0.6241 evals=912
[   3146s]     search it 14: |S|=59 J=0.6324 evals=982
[   3249s]     search it 15: |S|=58 J=0.6432 evals=1052
[   3340s]     search it 16: |S|=57 J=0.6693 evals=1122
[   3434s]     search it 17: |S|=56 J=0.6719 evals=1192
[   3533s]     search it 18: |S|=55 J=0.6805 evals=1262
[   3632s]     search it 19: |S|=54 J=0.6885 evals=1332
[   3718s]     search it 20: |S|=53 J=0.6973 evals=1402
[   3807s]     search it 21: |S|=53 J=0.7071 evals=1472
[   3889s]     search it 22: |S|=52 J=0.7136 evals=1542
[   3978s]     search it 23: |S|=51 J=0.7172 evals=1612
[   4066s]     search it 24: |S|=50 J=0.7223 evals=1682
[   4147s]     search it 25: |S|=49 J=0.7255 evals=1752
[   4240s]     search it 26: |S|=48 J=0.7371 evals=1822
[   4323s]     search it 27: |S|=47 J=0.7421 evals=1892
[   4401s]     search it 28: |S|=46 J=0.7444 evals=1962
[   4478s]     search it 29: |S|=45 J=0.7467 evals=2032
[   4595s]     search it 30: |S|=44 J=0.7482 evals=2102
[   4675s]     search it 31: |S|=43 J=0.7539 evals=2172
[   4760s]     search it 32: |S|=42 J=0.7551 evals=2242
[   4889s]     search it 33: |S|=41 J=0.7596 evals=2312
[   5001s]     search it 34: |S|=40 J=0.7644 evals=2382
[   5069s]     search it 35: |S|=39 J=0.7699 evals=2452
[   5153s]     search it 36: |S|=38 J=0.7735 evals=2522
[   5237s]     search it 37: |S|=37 J=0.7751 evals=2592
[   5348s]     search it 38: |S|=36 J=0.7798 evals=2662
[   5509s]     search it 39: |S|=35 J=0.7861 evals=2732
[   5650s]     search it 40: |S|=34 J=0.7923 evals=2802
[   5784s]     search it 41: |S|=33 J=0.8007 evals=2872
[   5922s]     search it 42: |S|=32 J=0.8014 evals=2942
[   6035s]     search it 43: |S|=31 J=0.8027 evals=3012
[   6146s]     search it 44: |S|=30 J=0.8057 evals=3082
[   6250s]     search it 45: |S|=29 J=0.8075 evals=3152
[   6360s]     search it 46: |S|=28 J=0.8083 evals=3222
[   6476s]     search it 47: |S|=27 J=0.8091 evals=3292
[   6587s]     search it 48: |S|=26 J=0.8107 evals=3362
[   6700s]     search it 49: |S|=25 J=0.8168 evals=3432
[   6810s]     search it 50: |S|=24 J=0.8252 evals=3502
[   6916s]     search it 51: |S|=23 J=0.8342 evals=3572
[   7037s]     search it 52: |S|=22 J=0.8427 evals=3642
[   7153s]     search it 53: |S|=21 J=0.8533 evals=3712
[   7272s]     search it 54: |S|=20 J=0.8655 evals=3782
[   7383s]     search it 55: |S|=19 J=0.8729 evals=3852
[   7492s]     search it 56: |S|=18 J=0.8741 evals=3922
[   7606s]     search it 57: |S|=18 J=0.8788 evals=3992
[   7700s]     search it 58: |S|=17 J=0.8896 evals=4062
[   7795s]     search it 59: |S|=16 J=0.9004 evals=4132
[   7895s]     search it 60: |S|=15 J=0.9044 evals=4202
[   8003s]     search it 61: |S|=14 J=0.9057 evals=4272
[   8246s]     search it 62: |S|=13 J=0.9059 evals=4342
[   8257s]     search it 63: |S|=13 J=0.9059 evals=4355
[  10260s]     eval proposed (13f) 128s
[  10741s]     eval all_features (71f) 481s
