[     16s]     epoch 1/100 loss 18.8742
[    176s]     epoch 20/100 loss 16.5046
[    355s]     epoch 40/100 loss 16.0475
[    565s]     epoch 60/100 loss 15.8268
[    812s]     epoch 80/100 loss 15.7986
[   1304s]     epoch 100/100 loss 15.6139
[   1410s]     search it 1: |S|=40 J=0.8956 evals=42
[   1490s]     search it 2: |S|=39 J=0.9151 evals=82
[   1560s]     search it 3: |S|=38 J=0.9350 evals=122
[   1612s]     search it 4: |S|=37 J=0.9403 evals=162
[   1665s]     search it 5: |S|=36 J=0.9519 evals=202
[   1722s]     search it 6: |S|=35 J=0.9591 evals=242
[   1780s]     search it 7: |S|=34 J=0.9621 evals=282
[   1840s]     search it 8: |S|=33 J=0.9689 evals=322
[   1898s]     search it 9: |S|=32 J=0.9702 evals=362
[   1953s]     search it 10: |S|=31 J=0.9733 evals=402
[   2034s]     search it 11: |S|=30 J=0.9753 evals=442
[   2090s]     search it 12: |S|=29 J=0.9772 evals=482
[   2141s]     search it 13: |S|=28 J=0.9790 evals=522
[   2200s]     search it 14: |S|=27 J=0.9799 evals=562
[   2256s]     search it 15: |S|=26 J=0.9811 evals=602
[   2326s]     search it 16: |S|=25 J=0.9881 evals=642
[   2386s]     search it 17: |S|=24 J=0.9897 evals=682
[   2448s]     search it 18: |S|=23 J=0.9917 evals=722
[   2515s]     search it 19: |S|=22 J=0.9925 evals=762
[   2580s]     search it 20: |S|=21 J=0.9927 evals=802
[   2637s]     search it 21: |S|=20 J=0.9929 evals=842
[   2694s]     search it 22: |S|=19 J=0.9931 evals=882
[   2750s]     search it 23: |S|=18 J=0.9940 evals=922
[   2812s]     search it 24: |S|=17 J=0.9976 evals=962
[   2862s]     search it 25: |S|=16 J=0.9977 evals=1002
[   2916s]     search it 26: |S|=15 J=0.9977 evals=1042
[   2965s]     search it 27: |S|=14 J=0.9977 evals=1082
[   3013s]     search it 28: |S|=13 J=0.9977 evals=1122
[   3055s]     search it 29: |S|=12 J=0.9977 evals=1162
[   3098s]     search it 30: |S|=11 J=0.9977 evals=1202
[   3143s]     search it 31: |S|=10 J=0.9977 evals=1242
[   3155s]     search it 32: |S|=10 J=0.9977 evals=1252
[   3223s]     search it 1: |S|=40 J=0.9838 evals=42
[   3237s]     search it 2: |S|=39 J=0.9848 evals=82
[   3251s]     search it 3: |S|=38 J=0.9861 evals=122
[   3266s]     search it 4: |S|=37 J=0.9867 evals=162
[   3280s]     search it 5: |S|=36 J=0.9873 evals=202
[   3294s]     search it 6: |S|=35 J=0.9879 evals=242
[   3309s]     search it 7: |S|=34 J=0.9883 evals=282
[   3323s]     search it 8: |S|=33 J=0.9888 evals=322
[   3351s]     search it 9: |S|=32 J=0.9893 evals=362
[   3369s]     search it 10: |S|=31 J=0.9900 evals=402
[   3385s]     search it 11: |S|=30 J=0.9909 evals=442
[   3409s]     search it 12: |S|=29 J=0.9916 evals=482
[   3436s]     search it 13: |S|=28 J=0.9922 evals=522
[   3461s]     search it 14: |S|=27 J=0.9929 evals=562
[   3486s]     search it 15: |S|=26 J=0.9933 evals=602
[   3524s]     search it 16: |S|=25 J=0.9939 evals=642
[   3558s]     search it 17: |S|=24 J=0.9946 evals=682
[   3590s]     search it 18: |S|=23 J=0.9962 evals=722
[   3621s]     search it 19: |S|=22 J=0.9966 evals=762
[   3650s]     search it 20: |S|=21 J=0.9971 evals=802
[   3678s]     search it 21: |S|=20 J=0.9975 evals=842
[   3708s]     search it 22: |S|=19 J=0.9978 evals=882
[   3757s]     search it 23: |S|=18 J=0.9980 evals=922
[   3791s]     search it 24: |S|=17 J=0.9982 evals=962
[   3830s]     search it 25: |S|=16 J=0.9985 evals=1002
[   3868s]     search it 26: |S|=15 J=0.9987 evals=1042
[   3908s]     search it 27: |S|=14 J=0.9990 evals=1082
[   3951s]     search it 28: |S|=13 J=0.9991 evals=1122
[   3988s]     search it 29: |S|=12 J=0.9994 evals=1162
[   4022s]     search it 30: |S|=11 J=0.9994 evals=1202
[   4054s]     search it 31: |S|=10 J=0.9994 evals=1242
[   4081s]     search it 32: |S|=9 J=0.9995 evals=1282
[   4107s]     search it 33: |S|=8 J=0.9995 evals=1322
[   4142s]     search it 34: |S|=7 J=0.9995 evals=1362
[   4171s]     search it 35: |S|=6 J=0.9995 evals=1402
[   4198s]     search it 36: |S|=5 J=0.9995 evals=1442
[   4226s]     search it 37: |S|=4 J=0.9995 evals=1482
[     72s]     search it 1: |S|=40 J=0.9838 evals=42
[    108s]     search it 2: |S|=39 J=0.9848 evals=82
[    150s]     search it 3: |S|=38 J=0.9861 evals=122
[    181s]     search it 4: |S|=37 J=0.9867 evals=162
[    212s]     search it 5: |S|=36 J=0.9873 evals=202
[    241s]     search it 6: |S|=35 J=0.9879 evals=242
[    274s]     search it 7: |S|=34 J=0.9883 evals=282
[    312s]     search it 8: |S|=33 J=0.9888 evals=322
[    352s]     search it 9: |S|=32 J=0.9893 evals=362
[    391s]     search it 10: |S|=31 J=0.9900 evals=402
[    429s]     search it 11: |S|=30 J=0.9909 evals=442
[    468s]     search it 12: |S|=29 J=0.9916 evals=482
[    505s]     search it 13: |S|=28 J=0.9922 evals=522
[    542s]     search it 14: |S|=27 J=0.9929 evals=562
[    582s]     search it 15: |S|=26 J=0.9933 evals=602
[    616s]     search it 16: |S|=25 J=0.9939 evals=642
[    654s]     search it 17: |S|=24 J=0.9946 evals=682
[    689s]     search it 18: |S|=23 J=0.9962 evals=722
[    726s]     search it 19: |S|=22 J=0.9966 evals=762
[    762s]     search it 20: |S|=21 J=0.9971 evals=802
[    795s]     search it 21: |S|=20 J=0.9975 evals=842
[    825s]     search it 22: |S|=19 J=0.9978 evals=882
[    858s]     search it 23: |S|=18 J=0.9980 evals=922
[    892s]     search it 24: |S|=17 J=0.9982 evals=962
[    923s]     search it 25: |S|=16 J=0.9985 evals=1002
[    955s]     search it 26: |S|=15 J=0.9987 evals=1042
[    985s]     search it 27: |S|=14 J=0.9990 evals=1082
[   1013s]     search it 28: |S|=13 J=0.9991 evals=1122
[   1043s]     search it 29: |S|=12 J=0.9994 evals=1162
[   1072s]     search it 30: |S|=11 J=0.9994 evals=1202
[   1097s]     search it 31: |S|=10 J=0.9994 evals=1242
[   1122s]     search it 32: |S|=9 J=0.9995 evals=1282
[   1157s]     search it 33: |S|=8 J=0.9995 evals=1322
[   1183s]     search it 34: |S|=7 J=0.9995 evals=1362
[   1207s]     search it 35: |S|=6 J=0.9995 evals=1402
[   1228s]     search it 36: |S|=5 J=0.9995 evals=1442
[   1249s]     search it 37: |S|=4 J=0.9995 evals=1482
[   1268s]     search it 38: |S|=3 J=0.9995 evals=1522
[   1269s]     search it 39: |S|=3 J=0.9995 evals=1525
[   1554s]     eval proposed (10f) 253s
[   2778s]     eval all_features (41f) 1225s
[     20s]     eval kmeans_sil (3f) 19s
[     31s]     eval kmeans_sil_at_nprop (10f) 29s
