[     21s]     epoch 1/100 loss 16.9632
[    321s]     epoch 20/100 loss 12.7281
[    630s]     epoch 40/100 loss 11.9051
[    924s]     epoch 60/100 loss 11.4901
[   1194s]     epoch 80/100 loss 11.3645
[   1472s]     epoch 100/100 loss 11.3413
[   1553s]     search it 1: |S|=70 J=0.5599 evals=72
[   1631s]     search it 2: |S|=69 J=0.5707 evals=142
[   1703s]     search it 3: |S|=68 J=0.5832 evals=212
[   1776s]     search it 4: |S|=67 J=0.6029 evals=282
[   1850s]     search it 5: |S|=66 J=0.6244 evals=352
[   1919s]     search it 6: |S|=65 J=0.6356 evals=422
[   1990s]     search it 7: |S|=64 J=0.6377 evals=492
[   2057s]     search it 8: |S|=63 J=0.6414 evals=562
[   2125s]     search it 9: |S|=62 J=0.6488 evals=632
[   2196s]     search it 10: |S|=61 J=0.6547 evals=702
[   2266s]     search it 11: |S|=61 J=0.6656 evals=772
[   2335s]     search it 12: |S|=60 J=0.6777 evals=842
[   2403s]     search it 13: |S|=59 J=0.6925 evals=912
[   2483s]     search it 14: |S|=58 J=0.7015 evals=982
[   2671s]     search it 15: |S|=57 J=0.7057 evals=1052
[   2724s]     search it 16: |S|=56 J=0.7164 evals=1122
[   2775s]     search it 17: |S|=55 J=0.7274 evals=1192
[   2826s]     search it 18: |S|=54 J=0.7341 evals=1262
[   2877s]     search it 19: |S|=53 J=0.7398 evals=1332
[   2930s]     search it 20: |S|=52 J=0.7432 evals=1402
[   2965s]     search it 21: |S|=52 J=0.7432 evals=1454
[   3846s]     eval proposed (52f) 200s
[   4075s]     eval all_features (71f) 229s
