[     16s]     epoch 1/100 loss 18.6552
[    176s]     epoch 20/100 loss 16.5202
[    353s]     epoch 40/100 loss 16.1448
[    580s]     epoch 60/100 loss 15.8380
[    818s]     epoch 80/100 loss 15.7962
[   1343s]     epoch 100/100 loss 15.6290
[   1431s]     search it 1: |S|=40 J=0.8659 evals=42
[   1495s]     search it 2: |S|=39 J=0.8933 evals=82
[   1550s]     search it 3: |S|=38 J=0.9200 evals=122
[   1595s]     search it 4: |S|=37 J=0.9331 evals=162
[   1638s]     search it 5: |S|=36 J=0.9397 evals=202
[   1680s]     search it 6: |S|=35 J=0.9471 evals=242
[   1727s]     search it 7: |S|=34 J=0.9536 evals=282
[   1773s]     search it 8: |S|=33 J=0.9632 evals=322
[   1818s]     search it 9: |S|=32 J=0.9652 evals=362
[   1863s]     search it 10: |S|=31 J=0.9664 evals=402
[   1915s]     search it 11: |S|=30 J=0.9684 evals=442
[   1959s]     search it 12: |S|=29 J=0.9701 evals=482
[   2029s]     search it 13: |S|=28 J=0.9711 evals=522
[   2076s]     search it 14: |S|=27 J=0.9720 evals=562
[   2120s]     search it 15: |S|=26 J=0.9726 evals=602
[   2163s]     search it 16: |S|=25 J=0.9727 evals=642
[   2215s]     search it 17: |S|=24 J=0.9729 evals=682
[   2259s]     search it 18: |S|=23 J=0.9730 evals=722
[   2322s]     search it 19: |S|=22 J=0.9770 evals=762
[   2373s]     search it 20: |S|=21 J=0.9782 evals=802
[   2423s]     search it 21: |S|=20 J=0.9802 evals=842
[   2480s]     search it 22: |S|=20 J=0.9825 evals=882
[   2533s]     search it 23: |S|=19 J=0.9839 evals=922
[   2589s]     search it 24: |S|=18 J=0.9853 evals=962
[   2637s]     search it 25: |S|=17 J=0.9856 evals=1002
[   2685s]     search it 26: |S|=17 J=0.9871 evals=1042
[   2731s]     search it 27: |S|=16 J=0.9896 evals=1082
[   2777s]     search it 28: |S|=16 J=0.9970 evals=1122
[   2830s]     search it 29: |S|=16 J=0.9976 evals=1162
[   2868s]     search it 30: |S|=16 J=0.9977 evals=1202
[   2909s]     search it 31: |S|=15 J=0.9977 evals=1242
[   2954s]     search it 32: |S|=14 J=0.9977 evals=1282
[   2968s]     search it 33: |S|=14 J=0.9977 evals=1296
[    143s]     search it 1: |S|=40 J=0.8659 evals=42
[    222s]     search it 2: |S|=39 J=0.8933 evals=82
[    310s]     search it 3: |S|=38 J=0.9200 evals=122
[    413s]     search it 4: |S|=37 J=0.9331 evals=162
[    510s]     search it 5: |S|=36 J=0.9397 evals=202
[    609s]     search it 6: |S|=35 J=0.9471 evals=242
[    703s]     search it 7: |S|=34 J=0.9536 evals=282
[    797s]     search it 8: |S|=33 J=0.9632 evals=322
[    885s]     search it 9: |S|=32 J=0.9652 evals=362
[    968s]     search it 10: |S|=31 J=0.9664 evals=402
[   1049s]     search it 11: |S|=30 J=0.9684 evals=442
[   1121s]     search it 12: |S|=29 J=0.9701 evals=482
[   1203s]     search it 13: |S|=28 J=0.9711 evals=522
[   1263s]     search it 14: |S|=27 J=0.9720 evals=562
[   1323s]     search it 15: |S|=26 J=0.9726 evals=602
[   1366s]     search it 16: |S|=25 J=0.9727 evals=642
[   1495s]     search it 17: |S|=24 J=0.9729 evals=682
[   1603s]     search it 18: |S|=23 J=0.9730 evals=722
[   1696s]     search it 19: |S|=22 J=0.9770 evals=762
[   1786s]     search it 20: |S|=21 J=0.9782 evals=802
[   1870s]     search it 21: |S|=20 J=0.9802 evals=842
[   1962s]     search it 22: |S|=20 J=0.9825 evals=882
[   2057s]     search it 23: |S|=19 J=0.9839 evals=922
[   2213s]     search it 24: |S|=18 J=0.9853 evals=962
[   2423s]     search it 25: |S|=17 J=0.9856 evals=1002
[   2710s]     search it 26: |S|=17 J=0.9871 evals=1042
[     36s]     search it 1: |S|=40 J=0.8659 evals=42
[     59s]     search it 2: |S|=39 J=0.8933 evals=82
[     80s]     search it 3: |S|=38 J=0.9200 evals=122
[    102s]     search it 4: |S|=37 J=0.9331 evals=162
[    123s]     search it 5: |S|=36 J=0.9397 evals=202
[    144s]     search it 6: |S|=35 J=0.9471 evals=242
[    164s]     search it 7: |S|=34 J=0.9536 evals=282
[    186s]     search it 8: |S|=33 J=0.9632 evals=322
[    206s]     search it 9: |S|=32 J=0.9652 evals=362
[    228s]     search it 10: |S|=31 J=0.9664 evals=402
[    248s]     search it 11: |S|=30 J=0.9684 evals=442
[    269s]     search it 12: |S|=29 J=0.9701 evals=482
[    289s]     search it 13: |S|=28 J=0.9711 evals=522
[    309s]     search it 14: |S|=27 J=0.9720 evals=562
[    338s]     search it 15: |S|=26 J=0.9726 evals=602
[    364s]     search it 16: |S|=25 J=0.9727 evals=642
[    398s]     search it 17: |S|=24 J=0.9729 evals=682
[    415s]     search it 18: |S|=23 J=0.9730 evals=722
[    437s]     search it 19: |S|=22 J=0.9770 evals=762
[    459s]     search it 20: |S|=21 J=0.9782 evals=802
[    482s]     search it 21: |S|=20 J=0.9802 evals=842
[    505s]     search it 22: |S|=20 J=0.9825 evals=882
[    526s]     search it 23: |S|=19 J=0.9839 evals=922
[    547s]     search it 24: |S|=18 J=0.9853 evals=962
[    566s]     search it 25: |S|=17 J=0.9856 evals=1002
[    585s]     search it 26: |S|=17 J=0.9871 evals=1042
[    604s]     search it 27: |S|=16 J=0.9896 evals=1082
[    622s]     search it 28: |S|=16 J=0.9970 evals=1122
[    641s]     search it 29: |S|=16 J=0.9976 evals=1162
[    660s]     search it 30: |S|=16 J=0.9977 evals=1202
[    679s]     search it 31: |S|=15 J=0.9977 evals=1242
[    698s]     search it 32: |S|=14 J=0.9977 evals=1282
[    705s]     search it 33: |S|=14 J=0.9977 evals=1296
[    839s]     search it 1: |S|=40 J=0.8858 evals=42
[    851s]     search it 2: |S|=39 J=0.9120 evals=82
[    862s]     search it 3: |S|=38 J=0.9335 evals=122
[    874s]     search it 4: |S|=37 J=0.9370 evals=162
[    884s]     search it 5: |S|=36 J=0.9495 evals=202
[    895s]     search it 6: |S|=35 J=0.9563 evals=242
[    906s]     search it 7: |S|=34 J=0.9586 evals=282
[    916s]     search it 8: |S|=33 J=0.9593 evals=322
[    926s]     search it 9: |S|=32 J=0.9598 evals=362
[    936s]     search it 10: |S|=31 J=0.9602 evals=402
[    946s]     search it 11: |S|=30 J=0.9612 evals=442
[    956s]     search it 12: |S|=29 J=0.9620 evals=482
[    966s]     search it 13: |S|=28 J=0.9620 evals=522
[    976s]     search it 14: |S|=27 J=0.9620 evals=562
[    985s]     search it 15: |S|=26 J=0.9632 evals=602
[    995s]     search it 16: |S|=26 J=0.9749 evals=642
[   1005s]     search it 17: |S|=25 J=0.9752 evals=682
[   1014s]     search it 18: |S|=24 J=0.9754 evals=722
[   1024s]     search it 19: |S|=23 J=0.9757 evals=762
[   1033s]     search it 20: |S|=22 J=0.9760 evals=802
[   1042s]     search it 21: |S|=21 J=0.9760 evals=842
[   1051s]     search it 22: |S|=20 J=0.9761 evals=882
[   1060s]     search it 23: |S|=19 J=0.9761 evals=922
[   1064s]     search it 24: |S|=19 J=0.9761 evals=941
[   1152s]     eval proposed (14f) 48s
[   1300s]     eval all_features (41f) 148s
[   1421s]     eval kmeans_sil (19f) 121s
[   1431s]     eval proposed_backward_only (3f) 9s
