[     16s]     epoch 1/100 loss 18.7908
[    180s]     epoch 20/100 loss 16.4474
[    357s]     epoch 40/100 loss 16.0591
[    582s]     epoch 60/100 loss 15.8547
[    812s]     epoch 80/100 loss 15.7802
[   1359s]     epoch 100/100 loss 15.7953
[   1452s]     search it 1: |S|=40 J=0.8720 evals=42
[   1508s]     search it 2: |S|=39 J=0.8905 evals=82
[   1562s]     search it 3: |S|=38 J=0.9257 evals=122
[   1602s]     search it 4: |S|=37 J=0.9369 evals=162
[   1644s]     search it 5: |S|=36 J=0.9462 evals=202
[   1684s]     search it 6: |S|=35 J=0.9542 evals=242
[   1730s]     search it 7: |S|=34 J=0.9578 evals=282
[   1774s]     search it 8: |S|=33 J=0.9644 evals=322
[   1818s]     search it 9: |S|=32 J=0.9682 evals=362
[   1862s]     search it 10: |S|=31 J=0.9697 evals=402
[   1910s]     search it 11: |S|=30 J=0.9712 evals=442
[   1952s]     search it 12: |S|=29 J=0.9746 evals=482
[   2019s]     search it 13: |S|=28 J=0.9761 evals=522
[   2065s]     search it 14: |S|=27 J=0.9773 evals=562
[   2108s]     search it 15: |S|=26 J=0.9779 evals=602
[   2148s]     search it 16: |S|=25 J=0.9800 evals=642
[   2197s]     search it 17: |S|=24 J=0.9814 evals=682
[   2242s]     search it 18: |S|=23 J=0.9822 evals=722
[   2289s]     search it 19: |S|=22 J=0.9910 evals=762
[   2345s]     search it 20: |S|=21 J=0.9921 evals=802
[   2392s]     search it 21: |S|=20 J=0.9932 evals=842
[   2441s]     search it 22: |S|=19 J=0.9936 evals=882
[   2494s]     search it 23: |S|=18 J=0.9943 evals=922
[   2544s]     search it 24: |S|=17 J=0.9948 evals=962
[   2594s]     search it 25: |S|=16 J=0.9950 evals=1002
[   2640s]     search it 26: |S|=15 J=0.9952 evals=1042
[   2685s]     search it 27: |S|=14 J=0.9955 evals=1082
[   2728s]     search it 28: |S|=13 J=0.9958 evals=1122
[   2772s]     search it 29: |S|=12 J=0.9960 evals=1162
[   2823s]     search it 30: |S|=11 J=0.9962 evals=1202
[   2861s]     search it 31: |S|=10 J=0.9963 evals=1242
[   2899s]     search it 32: |S|=9 J=0.9964 evals=1282
[   2944s]     search it 33: |S|=8 J=0.9964 evals=1322
[   2983s]     search it 34: |S|=7 J=0.9964 evals=1362
[   3019s]     search it 35: |S|=6 J=0.9964 evals=1402
[   3053s]     search it 36: |S|=5 J=0.9964 evals=1442
[   3086s]     search it 37: |S|=4 J=0.9964 evals=1482
[   3120s]     search it 38: |S|=3 J=0.9964 evals=1522
[   3123s]     search it 39: |S|=3 J=0.9964 evals=1525
[   3169s]     search it 1: |S|=40 J=0.9101 evals=42
[   3194s]     search it 2: |S|=39 J=0.9224 evals=82
[   3224s]     search it 3: |S|=38 J=0.9363 evals=122
[   3247s]     search it 4: |S|=37 J=0.9504 evals=162
[   3271s]     search it 5: |S|=36 J=0.9562 evals=202
[   3294s]     search it 6: |S|=35 J=0.9608 evals=242
[   3316s]     search it 7: |S|=34 J=0.9669 evals=282
[   3355s]     search it 8: |S|=33 J=0.9729 evals=322
[   3382s]     search it 9: |S|=32 J=0.9735 evals=362
[   3420s]     search it 10: |S|=31 J=0.9742 evals=402
[   3461s]     search it 11: |S|=30 J=0.9748 evals=442
[   3503s]     search it 12: |S|=29 J=0.9755 evals=482
[   3566s]     search it 13: |S|=28 J=0.9763 evals=522
[   3615s]     search it 14: |S|=27 J=0.9772 evals=562
[   3661s]     search it 15: |S|=26 J=0.9778 evals=602
[   3708s]     search it 16: |S|=25 J=0.9787 evals=642
[   3779s]     search it 17: |S|=24 J=0.9798 evals=682
[   3841s]     search it 18: |S|=23 J=0.9874 evals=722
[   3903s]     search it 19: |S|=22 J=0.9880 evals=762
[   3969s]     search it 20: |S|=21 J=0.9884 evals=802
[   4025s]     search it 21: |S|=20 J=0.9887 evals=842
[   4074s]     search it 22: |S|=19 J=0.9891 evals=882
[   4123s]     search it 23: |S|=18 J=0.9894 evals=922
[   4172s]     search it 24: |S|=17 J=0.9897 evals=962
[   4217s]     search it 25: |S|=16 J=0.9908 evals=1002
[   4263s]     search it 26: |S|=15 J=0.9910 evals=1042
[   4305s]     search it 27: |S|=14 J=0.9911 evals=1082
[   4347s]     search it 28: |S|=13 J=0.9911 evals=1122
[   4391s]     search it 29: |S|=12 J=0.9911 evals=1162
[   4442s]     search it 30: |S|=11 J=0.9911 evals=1202
[   4497s]     search it 31: |S|=10 J=0.9911 evals=1242
[     98s]     search it 1: |S|=40 J=0.9101 evals=42
[    165s]     search it 2: |S|=39 J=0.9224 evals=82
[    216s]     search it 3: |S|=38 J=0.9363 evals=122
[    270s]     search it 4: |S|=37 J=0.9504 evals=162
[    333s]     search it 5: |S|=36 J=0.9562 evals=202
[    400s]     search it 6: |S|=35 J=0.9608 evals=242
[    464s]     search it 7: |S|=34 J=0.9669 evals=282
[    522s]     search it 8: |S|=33 J=0.9729 evals=322
[    587s]     search it 9: |S|=32 J=0.9735 evals=362
[    647s]     search it 10: |S|=31 J=0.9742 evals=402
[    705s]     search it 11: |S|=30 J=0.9748 evals=442
[    766s]     search it 12: |S|=29 J=0.9755 evals=482
[    817s]     search it 13: |S|=28 J=0.9763 evals=522
[    873s]     search it 14: |S|=27 J=0.9772 evals=562
[    924s]     search it 15: |S|=26 J=0.9778 evals=602
[    976s]     search it 16: |S|=25 J=0.9787 evals=642
[   1023s]     search it 17: |S|=24 J=0.9798 evals=682
[   1072s]     search it 18: |S|=23 J=0.9874 evals=722
[   1113s]     search it 19: |S|=22 J=0.9880 evals=762
[   1167s]     search it 20: |S|=21 J=0.9884 evals=802
[   1206s]     search it 21: |S|=20 J=0.9887 evals=842
[   1241s]     search it 22: |S|=19 J=0.9891 evals=882
[   1274s]     search it 23: |S|=18 J=0.9894 evals=922
[   1307s]     search it 24: |S|=17 J=0.9897 evals=962
[   1339s]     search it 25: |S|=16 J=0.9908 evals=1002
[   1361s]     search it 26: |S|=15 J=0.9910 evals=1042
[   1394s]     search it 27: |S|=14 J=0.9911 evals=1082
[   1485s]     search it 28: |S|=13 J=0.9911 evals=1122
[   1556s]     search it 29: |S|=12 J=0.9911 evals=1162
[   1607s]     search it 30: |S|=11 J=0.9911 evals=1202
[   1656s]     search it 31: |S|=10 J=0.9911 evals=1242
[   1706s]     search it 32: |S|=9 J=0.9911 evals=1282
[   1754s]     search it 33: |S|=9 J=0.9911 evals=1322
[   1799s]     search it 34: |S|=9 J=0.9924 evals=1362
[   1843s]     search it 35: |S|=9 J=0.9944 evals=1402
[   1888s]     search it 36: |S|=8 J=0.9953 evals=1442
[   1939s]     search it 37: |S|=7 J=0.9954 evals=1482
[   1985s]     search it 38: |S|=7 J=0.9993 evals=1522
[   2033s]     search it 39: |S|=6 J=0.9994 evals=1562
[   2090s]     search it 40: |S|=5 J=1.0000 evals=1601
[   2176s]     search it 41: |S|=4 J=1.0000 evals=1641
[   2186s]     search it 42: |S|=4 J=1.0000 evals=1645
[   2805s]     eval proposed (3f) 548s
[    202s]     eval all_features (41f) 201s
[    218s]     eval kmeans_sil (4f) 16s
