[     17s]     epoch 1/100 loss 17.0420
[    275s]     epoch 20/100 loss 12.8201
[    543s]     epoch 40/100 loss 11.9687
[    810s]     epoch 60/100 loss 11.6986
[   1082s]     epoch 80/100 loss 11.4494
[   1383s]     epoch 100/100 loss 11.3740
[   1479s]     search it 1: |S|=70 J=0.5892 evals=72
[   1562s]     search it 2: |S|=69 J=0.5913 evals=142
[   1645s]     search it 3: |S|=68 J=0.5931 evals=212
[   1731s]     search it 4: |S|=67 J=0.6084 evals=282
[   1806s]     search it 5: |S|=66 J=0.6199 evals=352
[   1881s]     search it 6: |S|=66 J=0.6307 evals=422
[   1974s]     search it 7: |S|=65 J=0.6347 evals=492
[   2064s]     search it 8: |S|=64 J=0.6383 evals=562
[   2174s]     search it 9: |S|=63 J=0.6568 evals=632
[   2258s]     search it 10: |S|=62 J=0.6610 evals=702
[   2347s]     search it 11: |S|=61 J=0.6657 evals=772
[   2431s]     search it 12: |S|=60 J=0.6680 evals=842
[   2585s]     search it 13: |S|=59 J=0.6701 evals=912
[   2673s]     search it 14: |S|=58 J=0.6759 evals=982
[   2754s]     search it 15: |S|=58 J=0.6759 evals=1040
[   4038s]     search it 1: |S|=70 J=0.5807 evals=72
[   4098s]     search it 2: |S|=69 J=0.5880 evals=142
[   4158s]     search it 3: |S|=68 J=0.5987 evals=212
[   4218s]     search it 4: |S|=67 J=0.6039 evals=282
[   4275s]     search it 5: |S|=66 J=0.6176 evals=352
[   4330s]     search it 6: |S|=65 J=0.6265 evals=422
[   4389s]     search it 7: |S|=64 J=0.6411 evals=492
[   4443s]     search it 8: |S|=63 J=0.6473 evals=562
[   4495s]     search it 9: |S|=62 J=0.6535 evals=632
[   4549s]     search it 10: |S|=61 J=0.6622 evals=702
[   4598s]     search it 11: |S|=60 J=0.6709 evals=772
[   4649s]     search it 12: |S|=59 J=0.6759 evals=842
[   4702s]     search it 13: |S|=58 J=0.6850 evals=912
[   4752s]     search it 14: |S|=57 J=0.6883 evals=982
[   4801s]     search it 15: |S|=56 J=0.6915 evals=1052
[   4850s]     search it 16: |S|=55 J=0.6939 evals=1122
[   4898s]     search it 17: |S|=54 J=0.6984 evals=1192
[   4959s]     search it 18: |S|=53 J=0.6999 evals=1262
[   5014s]     search it 19: |S|=52 J=0.7022 evals=1332
[   5066s]     search it 20: |S|=51 J=0.7045 evals=1402
[   5123s]     search it 21: |S|=50 J=0.7088 evals=1472
[   5174s]     search it 22: |S|=49 J=0.7131 evals=1542
[   5233s]     search it 23: |S|=48 J=0.7138 evals=1612
[   5297s]     search it 24: |S|=47 J=0.7164 evals=1682
[   5345s]     search it 25: |S|=46 J=0.7195 evals=1752
[   5392s]     search it 26: |S|=45 J=0.7279 evals=1822
[   5437s]     search it 27: |S|=44 J=0.7295 evals=1892
[   5485s]     search it 28: |S|=43 J=0.7306 evals=1962
[   5537s]     search it 29: |S|=42 J=0.7362 evals=2032
[   5583s]     search it 30: |S|=41 J=0.7364 evals=2102
[   5639s]     search it 31: |S|=40 J=0.7439 evals=2172
[   5685s]     search it 32: |S|=39 J=0.7440 evals=2242
[   5727s]     search it 33: |S|=38 J=0.7450 evals=2312
[   5780s]     search it 34: |S|=37 J=0.7453 evals=2382
[   5834s]     search it 35: |S|=36 J=0.7476 evals=2452
[   5885s]     search it 36: |S|=35 J=0.7522 evals=2522
[   5957s]     search it 37: |S|=34 J=0.7565 evals=2592
[   6052s]     search it 38: |S|=33 J=0.7570 evals=2662
[   6116s]     search it 39: |S|=32 J=0.7574 evals=2732
[   6181s]     search it 40: |S|=31 J=0.7602 evals=2802
[   6239s]     search it 41: |S|=30 J=0.7650 evals=2872
[   6296s]     search it 42: |S|=29 J=0.7674 evals=2942
[   6352s]     search it 43: |S|=29 J=0.7848 evals=3012
[   6410s]     search it 44: |S|=28 J=0.7896 evals=3082
[   6479s]     search it 45: |S|=27 J=0.8119 evals=3152
[   6552s]     search it 46: |S|=26 J=0.8202 evals=3222
[   6612s]     search it 47: |S|=25 J=0.8242 evals=3292
[   6671s]     search it 48: |S|=24 J=0.8262 evals=3362
[   6725s]     search it 49: |S|=23 J=0.8309 evals=3432
[   6776s]     search it 50: |S|=22 J=0.8334 evals=3502
[   6823s]     search it 51: |S|=21 J=0.8445 evals=3572
[   6869s]     search it 52: |S|=20 J=0.8536 evals=3642
[   6910s]     search it 53: |S|=20 J=0.8768 evals=3712
[   6954s]     search it 54: |S|=19 J=0.8855 evals=3782
[   6991s]     search it 55: |S|=18 J=0.8879 evals=3852
[   7023s]     search it 56: |S|=17 J=0.8957 evals=3922
[   7050s]     search it 57: |S|=17 J=0.9012 evals=3992
[   7079s]     search it 58: |S|=16 J=0.9176 evals=4062
[   7104s]     search it 59: |S|=15 J=0.9217 evals=4132
[   7130s]     search it 60: |S|=14 J=0.9231 evals=4202
[   7154s]     search it 61: |S|=14 J=0.9370 evals=4272
[   7179s]     search it 62: |S|=13 J=0.9401 evals=4342
[   7204s]     search it 63: |S|=12 J=0.9442 evals=4412
[   7232s]     search it 64: |S|=11 J=0.9897 evals=4482
[   7267s]     search it 65: |S|=11 J=0.9969 evals=4552
[   7297s]     search it 66: |S|=10 J=0.9971 evals=4622
[   7326s]     search it 67: |S|=9 J=0.9974 evals=4692
[   7358s]     search it 68: |S|=8 J=0.9974 evals=4762
[   7362s]     search it 69: |S|=8 J=0.9974 evals=4770
[   7869s]     eval proposed (58f) 482s
[   8496s]     eval all_features (71f) 628s
[   8609s]     eval kmeans_sil (8f) 112s
[   9012s]     eval mcfs_25 (25f) 403s
[   9380s]     eval variance_25 (25f) 369s
[   9697s]     eval spec_25 (25f) 316s
[   9995s]     eval laplacian_25 (25f) 298s
[  10346s]     eval ndfs_25 (25f) 351s
[  10782s]     eval udfs_25 (25f) 436s
[  11179s]     eval ds17 (17f) 397s
[  11597s]     eval kmeans_sil_at_nprop (58f) 418s
[  11941s]     eval proposed_backward_only (59f) 344s
[  11960s]     eval proposed_b10 (10f) 20s
[  11977s]     eval kmeans_sil_b10 (8f) 16s
[  12078s]     eval mcfs_10 (10f) 101s
[  12132s]     eval variance_10 (10f) 54s
[  12199s]     eval proposed_b15 (15f) 66s
[  12215s]     eval kmeans_sil_b15 (8f) 16s
[  12334s]     eval mcfs_15 (15f) 119s
[  12388s]     eval variance_15 (15f) 54s
[  12465s]     eval proposed_b20 (20f) 77s
[  12485s]     eval kmeans_sil_b20 (8f) 20s
[  12612s]     eval mcfs_20 (20f) 126s
[  12694s]     eval variance_20 (20f) 83s
[  12802s]     eval proposed_b25 (25f) 108s
[  12833s]     eval kmeans_sil_b25 (8f) 30s
