
============================================================
EXPERIMENTO 02 — Contrastive Encoder + Busca Latente
============================================================
Dataset: data/dataset_attack_benign.csv

[Preprocessor] Carregando data/dataset_attack_benign.csv...
[Preprocessor] Shape bruto: (227191, 95)
[Preprocessor] Features utilizáveis: 71
Dataset carregado: 227,191 amostras x 71 features
Classes (label1): {'benign': 136800, 'attack': 90391}

[Encoder] Subsampling para treino: 100,000 / 227,191 amostras

[Encoder] Treinando encoder contrastivo em 100,000 amostras...
[VICReg] Device: cpu
[VICReg] Dataset: 100,000 amostras × 71 features
[VICReg] Épocas: 100 | Batch: 512 | LR: 0.001
[VICReg] Grupos semânticos: 9
[VICReg] Grupos mascarados por visão: 0–2
  Época   1/100 | Total: 15.2490 | Inv: 0.0731 | Var: 0.4294 | Cov: 2.6868 | LR: 0.001000
  Época  10/100 | Total: 11.7995 | Inv: 0.0688 | Var: 0.2503 | Cov: 3.8212 | LR: 0.000976
  Época  20/100 | Total: 10.9745 | Inv: 0.0710 | Var: 0.2048 | Cov: 4.0810 | LR: 0.000905
  Época  30/100 | Total: 10.4795 | Inv: 0.0728 | Var: 0.1771 | Cov: 4.2320 | LR: 0.000796
  Época  40/100 | Total: 10.1666 | Inv: 0.0734 | Var: 0.1603 | Cov: 4.3227 | LR: 0.000658
  Época  50/100 | Total: 9.9930 | Inv: 0.0744 | Var: 0.1503 | Cov: 4.3761 | LR: 0.000505
  Época  60/100 | Total: 9.8173 | Inv: 0.0735 | Var: 0.1420 | Cov: 4.4318 | LR: 0.000352
  Época  70/100 | Total: 9.7244 | Inv: 0.0729 | Var: 0.1370 | Cov: 4.4771 | LR: 0.000214
  Época  80/100 | Total: 9.6604 | Inv: 0.0723 | Var: 0.1343 | Cov: 4.4950 | LR: 0.000105
  Época  90/100 | Total: 9.6685 | Inv: 0.0732 | Var: 0.1339 | Cov: 4.4909 | LR: 0.000034
  Época 100/100 | Total: 9.6348 | Inv: 0.0730 | Var: 0.1324 | Cov: 4.4999 | LR: 0.000010
[VICReg] Std médio das representações: 0.1640 (OK)
[VICReg] Encoder salvo em: C:\Users\diego\Desktop\ufs\files\contrastive_xai_iiot\results\models\encoder_datasense.pt

[Busca] Iniciando busca bidirecional no espaço latente...
[ContrastiveFS] Sub-amostra: 10000 / 227191 amostras
[ContrastiveFS] Determinando k ótimo no espaço latente...
[ContrastiveFS] k ótimo = 13 (silhouette latente = 0.5942)
[ContrastiveFS] Score inicial (todas features): 0.5942
[ContrastiveFS] Iniciando busca bidirecional no espaço latente...
[ContrastiveFS] Iter   0 | remove f 6 | Score: 0.5996 | Features: 70 | 91s
[ContrastiveFS] Iter   5 | remove f59 | Score: 0.6306 | Features: 65 | 531s
[ContrastiveFS] Convergiu na iteração 8 | Score: 0.6682 | Features: 63 | 9050s

============================================================
RESULTADO
============================================================
Features selecionadas : 63 / 71
Taxa de reducao       : 11.3%
Silhouette (latente)  : 0.6682
k otimo               : 13
Tempo treino encoder  : 3533.4s
Tempo busca           : 9068.9s
Tempo total           : 12602.3s
Subconjuntos avaliados: 625
Iteracoes             : 9

Features selecionadas:
   1. log_data-ranges_avg
   2. log_data-ranges_max
   3. log_data-ranges_min
   4. log_data-ranges_std_deviation
   5. log_data-types_count
   6. log_interval-messages
   7. network_fragmentation-score
   8. network_fragmented-packets
   9. network_header-length_avg
  10. network_header-length_max
  11. network_header-length_min
  12. network_header-length_std_deviation
  13. network_ip-flags_avg
  14. network_ip-flags_max
  15. network_ip-flags_min
  16. network_ip-flags_std_deviation
  17. network_ip-length_avg
  18. network_ip-length_max
  19. network_ip-length_min
  20. network_ip-length_std_deviation
  21. network_ips_all_count
  22. network_ips_dst_count
  23. network_ips_src_count
  24. network_macs_all_count
  25. network_macs_dst_count
  26. network_macs_src_count
  27. network_mss_avg
  28. network_mss_max
  29. network_mss_min
  30. network_mss_std_deviation
  31. network_packet-size_avg
  32. network_packet-size_max
  33. network_packet-size_min
  34. network_packet-size_std_deviation
  35. network_packets_all_count
  36. network_packets_dst_count
  37. network_packets_src_count
  38. network_payload-length_avg
  39. network_payload-length_max
  40. network_payload-length_min
  41. network_payload-length_std_deviation
  42. network_ports_all_count
  43. network_ports_dst_count
  44. network_protocols_all_count
  45. network_protocols_dst_count
  46. network_protocols_src_count
  47. network_tcp-flags-ack_count
  48. network_tcp-flags-fin_count
  49. network_tcp-flags-psh_count
  50. network_tcp-flags-rst_count
  51. network_tcp-flags-syn_count
  52. network_tcp-flags-urg_count
  53. network_tcp-flags_max
  54. network_tcp-flags_min
  55. network_tcp-flags_std_deviation
  56. network_ttl_avg
  57. network_ttl_max
  58. network_ttl_min
  59. network_ttl_std_deviation
  60. network_window-size_avg
  61. network_window-size_max
  62. network_window-size_min
  63. network_window-size_std_deviation

Por grupo semantico:
  Address Diversity: 6/6 -> ['network_ips_all_count', 'network_ips_dst_count', 'network_ips_src_count', 'network_macs_all_count', 'network_macs_dst_count', 'network_macs_src_count']
  Fragmentation: 2/2 -> ['network_fragmentation-score', 'network_fragmented-packets']
  Header Flags: 13/14 -> ['network_ip-flags_avg', 'network_ip-flags_max', 'network_ip-flags_min', 'network_ip-flags_std_deviation', 'network_tcp-flags-ack_count', 'network_tcp-flags-fin_count', 'network_tcp-flags-psh_count', 'network_tcp-flags-rst_count', 'network_tcp-flags-syn_count', 'network_tcp-flags-urg_count', 'network_tcp-flags_max', 'network_tcp-flags_min', 'network_tcp-flags_std_deviation']
  Log Data Rate: 1/2 -> ['log_interval-messages']
  Log Data Stats: 5/5 -> ['log_data-ranges_avg', 'log_data-ranges_max', 'log_data-ranges_min', 'log_data-ranges_std_deviation', 'log_data-types_count']
  Network Multiplexing: 5/6 -> ['network_ports_all_count', 'network_ports_dst_count', 'network_protocols_all_count', 'network_protocols_dst_count', 'network_protocols_src_count']
  Packet Traffic Rate: 3/4 -> ['network_packets_all_count', 'network_packets_dst_count', 'network_packets_src_count']
  Size Length: 20/20 -> ['network_header-length_avg', 'network_header-length_max', 'network_header-length_min', 'network_header-length_std_deviation', 'network_ip-length_avg', 'network_ip-length_max', 'network_ip-length_min', 'network_ip-length_std_deviation', 'network_mss_avg', 'network_mss_max', 'network_mss_min', 'network_mss_std_deviation', 'network_packet-size_avg', 'network_packet-size_max', 'network_packet-size_min', 'network_packet-size_std_deviation', 'network_payload-length_avg', 'network_payload-length_max', 'network_payload-length_min', 'network_payload-length_std_deviation']
  Timing Control: 8/12 -> ['network_ttl_avg', 'network_ttl_max', 'network_ttl_min', 'network_ttl_std_deviation', 'network_window-size_avg', 'network_window-size_max', 'network_window-size_min', 'network_window-size_std_deviation']

Loss encoder: 15.2490 (ep.1) -> 9.6348 (ep.100)

Resultado salvo em : C:\Users\diego\Desktop\ufs\files\contrastive_xai_iiot\results\tables\contrastive_result.json
Historico salvo em : C:\Users\diego\Desktop\ufs\files\contrastive_xai_iiot\results\tables\contrastive_history.csv
Loss curve salva em: C:\Users\diego\Desktop\ufs\files\contrastive_xai_iiot\results\tables\contrastive_loss_curve.csv
