[     16s]     epoch 1/100 loss 18.6226
[    178s]     epoch 20/100 loss 16.4823
[    358s]     epoch 40/100 loss 16.0730
[    582s]     epoch 60/100 loss 15.9880
[    813s]     epoch 80/100 loss 15.7274
[   1311s]     epoch 100/100 loss 15.6874
[   1381s]     search it 1: |S|=40 J=0.9617 evals=42
[   1418s]     search it 2: |S|=39 J=0.9666 evals=82
[   1466s]     search it 3: |S|=38 J=0.9726 evals=122
[   1503s]     search it 4: |S|=37 J=0.9756 evals=162
[   1539s]     search it 5: |S|=36 J=0.9774 evals=202
[   1571s]     search it 6: |S|=35 J=0.9786 evals=242
[   1595s]     search it 7: |S|=34 J=0.9799 evals=282
[   1623s]     search it 8: |S|=33 J=0.9809 evals=322
[   1649s]     search it 9: |S|=32 J=0.9824 evals=362
[   1675s]     search it 10: |S|=31 J=0.9835 evals=402
[   1700s]     search it 11: |S|=30 J=0.9852 evals=442
[   1736s]     search it 12: |S|=29 J=0.9863 evals=482
[   1764s]     search it 13: |S|=28 J=0.9878 evals=522
[   1791s]     search it 14: |S|=27 J=0.9888 evals=562
[   1821s]     search it 15: |S|=26 J=0.9896 evals=602
[   1853s]     search it 16: |S|=25 J=0.9906 evals=642
[   1881s]     search it 17: |S|=24 J=0.9917 evals=682
[   1915s]     search it 18: |S|=23 J=0.9922 evals=722
[   1943s]     search it 19: |S|=22 J=0.9935 evals=762
[   1972s]     search it 20: |S|=21 J=0.9947 evals=802
[   2025s]     search it 21: |S|=20 J=0.9972 evals=842
[   2055s]     search it 22: |S|=19 J=0.9976 evals=882
[   2083s]     search it 23: |S|=18 J=0.9978 evals=922
[   2110s]     search it 24: |S|=17 J=0.9980 evals=962
[   2136s]     search it 25: |S|=16 J=0.9983 evals=1002
[   2164s]     search it 26: |S|=15 J=0.9984 evals=1042
[   2197s]     search it 27: |S|=14 J=0.9986 evals=1082
[   2226s]     search it 28: |S|=13 J=0.9989 evals=1122
[   2254s]     search it 29: |S|=12 J=0.9990 evals=1162
[   2287s]     search it 30: |S|=11 J=0.9991 evals=1202
[   2327s]     search it 31: |S|=10 J=0.9993 evals=1242
[   2359s]     search it 32: |S|=9 J=0.9994 evals=1282
[   2391s]     search it 33: |S|=8 J=0.9994 evals=1322
[   2420s]     search it 34: |S|=7 J=0.9994 evals=1362
[   2455s]     search it 35: |S|=6 J=0.9995 evals=1402
[    103s]     search it 1: |S|=40 J=0.9617 evals=42
[    166s]     search it 2: |S|=39 J=0.9666 evals=82
[    217s]     search it 3: |S|=38 J=0.9726 evals=122
[    267s]     search it 4: |S|=37 J=0.9756 evals=162
[    329s]     search it 5: |S|=36 J=0.9774 evals=202
[    395s]     search it 6: |S|=35 J=0.9786 evals=242
[    458s]     search it 7: |S|=34 J=0.9799 evals=282
[    518s]     search it 8: |S|=33 J=0.9809 evals=322
[    583s]     search it 9: |S|=32 J=0.9824 evals=362
[    644s]     search it 10: |S|=31 J=0.9835 evals=402
[    703s]     search it 11: |S|=30 J=0.9852 evals=442
[    766s]     search it 12: |S|=29 J=0.9863 evals=482
[    819s]     search it 13: |S|=28 J=0.9878 evals=522
[    880s]     search it 14: |S|=27 J=0.9888 evals=562
[    933s]     search it 15: |S|=26 J=0.9896 evals=602
[    988s]     search it 16: |S|=25 J=0.9906 evals=642
[   1040s]     search it 17: |S|=24 J=0.9917 evals=682
[   1089s]     search it 18: |S|=23 J=0.9922 evals=722
[   1136s]     search it 19: |S|=22 J=0.9935 evals=762
[   1191s]     search it 20: |S|=21 J=0.9947 evals=802
[   1231s]     search it 21: |S|=20 J=0.9972 evals=842
[   1268s]     search it 22: |S|=19 J=0.9976 evals=882
[   1305s]     search it 23: |S|=18 J=0.9978 evals=922
[   1339s]     search it 24: |S|=17 J=0.9980 evals=962
[   1364s]     search it 25: |S|=16 J=0.9983 evals=1002
[   1410s]     search it 26: |S|=15 J=0.9984 evals=1042
[   1520s]     search it 27: |S|=14 J=0.9986 evals=1082
[   1582s]     search it 28: |S|=13 J=0.9989 evals=1122
[   1636s]     search it 29: |S|=12 J=0.9990 evals=1162
[   1694s]     search it 30: |S|=11 J=0.9991 evals=1202
[   1750s]     search it 31: |S|=10 J=0.9993 evals=1242
[   1802s]     search it 32: |S|=9 J=0.9994 evals=1282
[   1854s]     search it 33: |S|=8 J=0.9994 evals=1322
[   1906s]     search it 34: |S|=7 J=0.9994 evals=1362
[   1965s]     search it 35: |S|=6 J=0.9995 evals=1402
[   2018s]     search it 36: |S|=5 J=0.9995 evals=1442
[   2083s]     search it 37: |S|=4 J=0.9995 evals=1482
[   2178s]     search it 38: |S|=3 J=0.9995 evals=1522
[   2274s]     search it 39: |S|=2 J=0.9995 evals=1562
[   2274s]     search it 40: |S|=2 J=0.9995 evals=1562
[   2519s]     search it 1: |S|=40 J=0.9680 evals=42
[   2651s]     search it 2: |S|=39 J=0.9700 evals=82
[   2779s]     search it 3: |S|=38 J=0.9726 evals=122
[   2909s]     search it 4: |S|=37 J=0.9738 evals=162
[     28s]     search it 1: |S|=40 J=0.9680 evals=42
[     39s]     search it 2: |S|=39 J=0.9700 evals=82
[     49s]     search it 3: |S|=38 J=0.9726 evals=122
[     59s]     search it 4: |S|=37 J=0.9738 evals=162
[     69s]     search it 5: |S|=36 J=0.9748 evals=202
[     79s]     search it 6: |S|=35 J=0.9757 evals=242
[     17s]     search it 1: |S|=40 J=0.9680 evals=42
[     27s]     search it 2: |S|=39 J=0.9700 evals=82
[     36s]     search it 3: |S|=38 J=0.9726 evals=122
[     46s]     search it 4: |S|=37 J=0.9738 evals=162
[     55s]     search it 5: |S|=36 J=0.9748 evals=202
[     65s]     search it 6: |S|=35 J=0.9757 evals=242
[     75s]     search it 7: |S|=34 J=0.9768 evals=282
[     89s]     search it 8: |S|=33 J=0.9781 evals=322
[     99s]     search it 9: |S|=32 J=0.9808 evals=362
[    108s]     search it 10: |S|=31 J=0.9822 evals=402
[    117s]     search it 11: |S|=30 J=0.9833 evals=442
[    126s]     search it 12: |S|=29 J=0.9849 evals=482
[    135s]     search it 13: |S|=28 J=0.9863 evals=522
[    143s]     search it 14: |S|=27 J=0.9872 evals=562
[    151s]     search it 15: |S|=26 J=0.9882 evals=602
[    159s]     search it 16: |S|=25 J=0.9893 evals=642
[    168s]     search it 17: |S|=24 J=0.9908 evals=682
[    176s]     search it 18: |S|=23 J=0.9928 evals=722
[    185s]     search it 19: |S|=22 J=0.9946 evals=762
[    193s]     search it 20: |S|=21 J=0.9955 evals=802
[    201s]     search it 21: |S|=20 J=0.9966 evals=842
[    209s]     search it 22: |S|=19 J=0.9970 evals=882
[    217s]     search it 23: |S|=18 J=0.9974 evals=922
[    225s]     search it 24: |S|=17 J=0.9978 evals=962
[    233s]     search it 25: |S|=16 J=0.9980 evals=1002
[    241s]     search it 26: |S|=15 J=0.9981 evals=1042
[    249s]     search it 27: |S|=14 J=0.9984 evals=1082
[    257s]     search it 28: |S|=13 J=0.9986 evals=1122
[    265s]     search it 29: |S|=12 J=0.9986 evals=1162
[    273s]     search it 30: |S|=11 J=0.9987 evals=1202
[    282s]     search it 31: |S|=10 J=0.9987 evals=1242
[    290s]     search it 32: |S|=9 J=0.9987 evals=1282
[    297s]     search it 33: |S|=8 J=0.9987 evals=1322
[    305s]     search it 34: |S|=7 J=0.9987 evals=1362
[    307s]     search it 35: |S|=7 J=0.9987 evals=1369
[    345s]     eval proposed (2f) 31s
[    547s]     eval all_features (41f) 202s
[    592s]     eval kmeans_sil (7f) 45s
