[     19s]     epoch 1/100 loss 18.0832
[    176s]     epoch 20/100 loss 15.6461
[    359s]     epoch 40/100 loss 15.3836
[   6683s]     epoch 60/100 loss 15.2396
[  45046s]     epoch 80/100 loss 15.1706
[  45371s]     epoch 100/100 loss 15.1201
[  45430s]     search it 1: |S|=40 J=0.9410 evals=42
[  45474s]     search it 2: |S|=39 J=0.9461 evals=82
[  45517s]     search it 3: |S|=38 J=0.9491 evals=122
[  45557s]     search it 4: |S|=37 J=0.9518 evals=162
[  45600s]     search it 5: |S|=36 J=0.9534 evals=202
[  45645s]     search it 6: |S|=35 J=0.9557 evals=242
[  45688s]     search it 7: |S|=34 J=0.9577 evals=282
[  45732s]     search it 8: |S|=33 J=0.9611 evals=322
[  45776s]     search it 9: |S|=32 J=0.9627 evals=362
[  45817s]     search it 10: |S|=31 J=0.9659 evals=402
[  45862s]     search it 11: |S|=30 J=0.9669 evals=442
[  45909s]     search it 12: |S|=29 J=0.9676 evals=482
[  45999s]     search it 13: |S|=28 J=0.9691 evals=522
[  46078s]     search it 14: |S|=27 J=0.9697 evals=562
[  46164s]     search it 15: |S|=26 J=0.9705 evals=602
[  46247s]     search it 16: |S|=25 J=0.9710 evals=642
[  46330s]     search it 17: |S|=24 J=0.9714 evals=682
[  46454s]     search it 18: |S|=23 J=0.9724 evals=722
[  46551s]     search it 19: |S|=22 J=0.9768 evals=762
[  46653s]     search it 20: |S|=21 J=0.9817 evals=802
[  46774s]     search it 21: |S|=21 J=0.9838 evals=842
[  46886s]     search it 22: |S|=20 J=0.9853 evals=882
[  46999s]     search it 23: |S|=19 J=0.9865 evals=922
[  47088s]     search it 24: |S|=18 J=0.9870 evals=962
[  47217s]     search it 25: |S|=17 J=0.9876 evals=1002
[  47325s]     search it 26: |S|=16 J=0.9885 evals=1042
[  47428s]     search it 27: |S|=15 J=0.9890 evals=1082
[  47566s]     search it 28: |S|=14 J=0.9909 evals=1122
[  47719s]     search it 29: |S|=13 J=0.9921 evals=1162
[  47863s]     search it 30: |S|=12 J=0.9929 evals=1202
[  47961s]     search it 31: |S|=11 J=0.9932 evals=1242
[  48061s]     search it 32: |S|=11 J=0.9947 evals=1282
[  48176s]     search it 33: |S|=10 J=0.9953 evals=1322
[  48258s]     search it 34: |S|=9 J=0.9970 evals=1361
[  48370s]     search it 35: |S|=8 J=0.9994 evals=1401
[  48503s]     search it 36: |S|=7 J=0.9994 evals=1441
[  48651s]     search it 37: |S|=6 J=0.9994 evals=1481
[  48824s]     search it 38: |S|=5 J=0.9995 evals=1521
[  49074s]     search it 39: |S|=4 J=0.9995 evals=1561
[  49097s]     search it 40: |S|=4 J=0.9995 evals=1565
[  50045s]     search it 1: |S|=40 J=0.9151 evals=42
[  50144s]     search it 2: |S|=39 J=0.9237 evals=82
[  50249s]     search it 3: |S|=38 J=0.9269 evals=122
[  50316s]     search it 4: |S|=37 J=0.9302 evals=162
[  50390s]     search it 5: |S|=36 J=0.9331 evals=202
[  50489s]     search it 6: |S|=35 J=0.9361 evals=242
[  50547s]     search it 7: |S|=34 J=0.9387 evals=282
[  50600s]     search it 8: |S|=33 J=0.9414 evals=322
[  50656s]     search it 9: |S|=32 J=0.9438 evals=362
[  50729s]     search it 10: |S|=31 J=0.9469 evals=402
[  50784s]     search it 11: |S|=30 J=0.9495 evals=442
[  50839s]     search it 12: |S|=29 J=0.9514 evals=482
[  50891s]     search it 13: |S|=28 J=0.9537 evals=522
[  50999s]     search it 14: |S|=27 J=0.9549 evals=562
[  51079s]     search it 15: |S|=26 J=0.9600 evals=602
[  51176s]     search it 16: |S|=25 J=0.9618 evals=642
[  51239s]     search it 17: |S|=24 J=0.9632 evals=682
[  51338s]     search it 18: |S|=23 J=0.9645 evals=722
[  51418s]     search it 19: |S|=22 J=0.9651 evals=762
[  51509s]     search it 20: |S|=22 J=0.9675 evals=802
[  51585s]     search it 21: |S|=21 J=0.9696 evals=842
[  51669s]     search it 22: |S|=20 J=0.9706 evals=882
[  51756s]     search it 23: |S|=19 J=0.9714 evals=922
[  51813s]     search it 24: |S|=18 J=0.9720 evals=962
[  51859s]     search it 25: |S|=17 J=0.9726 evals=1002
[  51926s]     search it 26: |S|=16 J=0.9732 evals=1042
[  51996s]     search it 27: |S|=15 J=0.9758 evals=1082
[  52063s]     search it 28: |S|=14 J=0.9774 evals=1122
[  52115s]     search it 29: |S|=13 J=0.9779 evals=1162
[  52177s]     search it 30: |S|=12 J=0.9786 evals=1202
[  52235s]     search it 31: |S|=11 J=0.9793 evals=1242
[  52280s]     search it 32: |S|=10 J=0.9806 evals=1282
[  52325s]     search it 33: |S|=9 J=0.9820 evals=1322
[  52371s]     search it 34: |S|=8 J=0.9834 evals=1362
[  52416s]     search it 35: |S|=7 J=0.9852 evals=1402
[  52469s]     search it 36: |S|=6 J=0.9875 evals=1442
[  52529s]     search it 37: |S|=6 J=0.9998 evals=1482
[  52573s]     search it 38: |S|=5 J=0.9999 evals=1522
[  52578s]     search it 39: |S|=5 J=0.9999 evals=1527
[  52740s]     eval proposed (4f) 100s
[  53808s]     eval all_features (41f) 1069s
[  53868s]     eval kmeans_sil (5f) 59s
[  54210s]     eval mcfs_14 (14f) 343s
[  54775s]     eval variance_14 (14f) 565s
[  54806s]     eval proposed_b5 (4f) 31s
[  54834s]     eval kmeans_sil_b5 (5f) 28s
[  54954s]     eval mcfs_5 (5f) 121s
[  54984s]     eval proposed_b10 (4f) 30s
[  55013s]     eval kmeans_sil_b10 (5f) 29s
[  55106s]     eval mcfs_10 (10f) 93s
[  55135s]     eval proposed_b15 (4f) 29s
[  55163s]     eval kmeans_sil_b15 (5f) 28s
[  55341s]     eval mcfs_15 (15f) 177s
[  55370s]     eval proposed_b20 (4f) 30s
[  55397s]     eval kmeans_sil_b20 (5f) 27s
[  55597s]     eval mcfs_20 (20f) 200s
