[     71s]     epoch 1/100 loss 18.1950
[     19s]     epoch 1/100 loss 18.1950
[    176s]     epoch 20/100 loss 15.7655
[    359s]     epoch 40/100 loss 15.4407
[   6681s]     epoch 60/100 loss 15.2530
[  45046s]     epoch 80/100 loss 15.2875
[  45373s]     epoch 100/100 loss 15.2434
[  45431s]     search it 1: |S|=40 J=0.9327 evals=42
[  45474s]     search it 2: |S|=39 J=0.9403 evals=82
[  45516s]     search it 3: |S|=38 J=0.9432 evals=122
[  45556s]     search it 4: |S|=37 J=0.9481 evals=162
[  45598s]     search it 5: |S|=36 J=0.9510 evals=202
[  45643s]     search it 6: |S|=35 J=0.9553 evals=242
[  45686s]     search it 7: |S|=34 J=0.9580 evals=282
[  45730s]     search it 8: |S|=33 J=0.9599 evals=322
[  45775s]     search it 9: |S|=32 J=0.9614 evals=362
[  45816s]     search it 10: |S|=31 J=0.9625 evals=402
[  45861s]     search it 11: |S|=30 J=0.9675 evals=442
[  45906s]     search it 12: |S|=29 J=0.9718 evals=482
[  45996s]     search it 13: |S|=28 J=0.9731 evals=522
[  46073s]     search it 14: |S|=27 J=0.9743 evals=562
[  46157s]     search it 15: |S|=26 J=0.9754 evals=602
[  46241s]     search it 16: |S|=25 J=0.9763 evals=642
[  46324s]     search it 17: |S|=24 J=0.9771 evals=682
[  46439s]     search it 18: |S|=23 J=0.9776 evals=722
[  46544s]     search it 19: |S|=22 J=0.9779 evals=762
[  46644s]     search it 20: |S|=21 J=0.9783 evals=802
[  46760s]     search it 21: |S|=20 J=0.9788 evals=842
[  46878s]     search it 22: |S|=19 J=0.9788 evals=882
[  46993s]     search it 23: |S|=18 J=0.9789 evals=922
[  47082s]     search it 24: |S|=17 J=0.9789 evals=962
[  47209s]     search it 25: |S|=17 J=0.9863 evals=1002
[  47321s]     search it 26: |S|=16 J=0.9868 evals=1042
[  47423s]     search it 27: |S|=15 J=0.9874 evals=1082
[  47553s]     search it 28: |S|=15 J=0.9880 evals=1122
[  47702s]     search it 29: |S|=14 J=0.9880 evals=1162
[  47857s]     search it 30: |S|=13 J=0.9882 evals=1202
[  47890s]     search it 31: |S|=13 J=0.9882 evals=1215
[  48191s]     search it 1: |S|=40 J=0.9166 evals=42
[  48233s]     search it 2: |S|=39 J=0.9257 evals=82
[  48273s]     search it 3: |S|=38 J=0.9307 evals=122
[  48325s]     search it 4: |S|=37 J=0.9331 evals=162
[  48388s]     search it 5: |S|=36 J=0.9364 evals=202
[  48458s]     search it 6: |S|=35 J=0.9385 evals=242
[  48516s]     search it 7: |S|=34 J=0.9398 evals=282
[  48576s]     search it 8: |S|=33 J=0.9448 evals=322
[  48661s]     search it 9: |S|=32 J=0.9449 evals=362
[  48739s]     search it 10: |S|=31 J=0.9490 evals=402
[  48821s]     search it 11: |S|=30 J=0.9530 evals=442
[  48901s]     search it 12: |S|=29 J=0.9545 evals=482
[  49042s]     search it 13: |S|=28 J=0.9561 evals=522
[  49159s]     search it 14: |S|=28 J=0.9589 evals=562
[  49275s]     search it 15: |S|=27 J=0.9604 evals=602
[  49374s]     search it 16: |S|=26 J=0.9606 evals=642
[  49468s]     search it 17: |S|=25 J=0.9642 evals=682
[  49594s]     search it 18: |S|=24 J=0.9661 evals=722
[  49716s]     search it 19: |S|=23 J=0.9665 evals=762
[  49822s]     search it 20: |S|=22 J=0.9671 evals=802
[  49903s]     search it 21: |S|=21 J=0.9676 evals=842
[  49987s]     search it 22: |S|=20 J=0.9679 evals=882
[  50071s]     search it 23: |S|=19 J=0.9684 evals=922
[  50161s]     search it 24: |S|=18 J=0.9689 evals=962
[  50261s]     search it 25: |S|=17 J=0.9696 evals=1002
[  50323s]     search it 26: |S|=16 J=0.9701 evals=1042
[  50397s]     search it 27: |S|=15 J=0.9704 evals=1082
[  50490s]     search it 28: |S|=14 J=0.9710 evals=1122
[  50546s]     search it 29: |S|=14 J=0.9724 evals=1162
[  50598s]     search it 30: |S|=14 J=0.9736 evals=1202
[  50651s]     search it 31: |S|=13 J=0.9742 evals=1242
[  50709s]     search it 32: |S|=12 J=0.9755 evals=1281
[  50773s]     search it 33: |S|=11 J=0.9755 evals=1321
[  50825s]     search it 34: |S|=10 J=0.9759 evals=1361
[  50837s]     search it 35: |S|=10 J=0.9759 evals=1371
[  51359s]     eval proposed (13f) 387s
[  52587s]     eval all_features (41f) 1228s
[  52912s]     eval kmeans_sil (10f) 326s
[  53392s]     eval mcfs_14 (14f) 480s
[  54135s]     eval variance_14 (14f) 743s
[  54326s]     eval kmeans_sil_at_nprop (13f) 191s
[  54570s]     eval proposed_backward_only (16f) 245s
[  54630s]     eval proposed_b5 (5f) 60s
[  54667s]     eval kmeans_sil_b5 (5f) 36s
[  54786s]     eval mcfs_5 (5f) 119s
[  54874s]     eval proposed_b10 (10f) 88s
[  54977s]     eval kmeans_sil_b10 (10f) 104s
[  55071s]     eval mcfs_10 (10f) 93s
[  55158s]     eval proposed_b15 (13f) 87s
[  55280s]     eval kmeans_sil_b15 (10f) 123s
[  55441s]     eval mcfs_15 (15f) 161s
[  55520s]     eval proposed_b20 (13f) 79s
[  55616s]     eval kmeans_sil_b20 (10f) 96s
[  55839s]     eval mcfs_20 (20f) 223s
